This is pdfTeX, Version 3.141592653-2.6-1.40.25 (MiKTeX 23.10.12) (preloaded format=pdflatex 2023.10.22)  31 MAY 2025 05:07
entering extended mode
 restricted \write18 enabled.
 file:line:error style messages enabled.
 %&-line parsing enabled.
**"d:/projek mamas/Langgeng Template Skripsi/maindoc.tex"
(d:/projek mamas/Langgeng Template Skripsi/maindoc.tex
LaTeX2e <2023-06-01> patch level 1
L3 programming layer <2023-10-10>
(konfigurasi/MathFmipaUnmul.cls
Document Class: konfigurasi/MathFmipaUnmul 2024/07/17 Skripsi S1 Matematika FMIPA Unmul Style
(D:\Program Files (Mamas)\MiKTeX\tex/latex/base\book.cls
Document Class: book 2023/05/17 v1.4n Standard LaTeX document class
(D:\Program Files (Mamas)\MiKTeX\tex/latex/base\bk12.clo
File: bk12.clo 2023/05/17 v1.4n Standard LaTeX file (size option)
)
\c@part=\count185
\c@chapter=\count186
\c@section=\count187
\c@subsection=\count188
\c@subsubsection=\count189
\c@paragraph=\count190
\c@subparagraph=\count191
\c@figure=\count192
\c@table=\count193
\abovecaptionskip=\skip48
\belowcaptionskip=\skip49
\bibindent=\dimen140
) (D:\Program Files (Mamas)\MiKTeX\tex/latex/eso-pic\showframe.sty
Package: showframe 2020/10/14 v0.1j showframe (new impl., RN)
 (D:\Program Files (Mamas)\MiKTeX\tex/latex/eso-pic\eso-pic.sty
Package: eso-pic 2023/05/03 v3.0c eso-pic (RN)
\ESO@tempdima=\dimen141
\ESO@tempdimb=\dimen142
 (D:\Program Files (Mamas)\MiKTeX\tex/latex/graphics\keyval.sty
Package: keyval 2022/05/29 v1.15 key=value parser (DPC)
\KV@toks@=\toks17
) (D:\Program Files (Mamas)\MiKTeX\tex/latex/xcolor\xcolor.sty
Package: xcolor 2022/06/12 v2.14 LaTeX color extensions (UK)
 (D:\Program Files (Mamas)\MiKTeX\tex/latex/graphics-cfg\color.cfg
File: color.cfg 2016/01/02 v1.6 sample color configuration
)
Package xcolor Info: Driver file: pdftex.def on input line 227.
 (D:\Program Files (Mamas)\MiKTeX\tex/latex/graphics-def\pdftex.def
File: pdftex.def 2022/09/22 v1.2b Graphics/color driver for pdftex
) (D:\Program Files (Mamas)\MiKTeX\tex/latex/graphics\mathcolor.ltx)
Package xcolor Info: Model `cmy' substituted by `cmy0' on input line 1353.
Package xcolor Info: Model `hsb' substituted by `rgb' on input line 1357.
Package xcolor Info: Model `RGB' extended on input line 1369.
Package xcolor Info: Model `HTML' substituted by `rgb' on input line 1371.
Package xcolor Info: Model `Hsb' substituted by `hsb' on input line 1372.
Package xcolor Info: Model `tHsb' substituted by `hsb' on input line 1373.
Package xcolor Info: Model `HSB' substituted by `hsb' on input line 1374.
Package xcolor Info: Model `Gray' substituted by `gray' on input line 1375.
Package xcolor Info: Model `wave' substituted by `hsb' on input line 1376.
))
\SF@tempdima=\dimen143
) (D:\Program Files (Mamas)\MiKTeX\tex/latex/algorithms\algorithm.sty
Package: algorithm 2009/08/24 v0.1 Document Style `algorithm' - floating environment
 (D:\Program Files (Mamas)\MiKTeX\tex/latex/float\float.sty
Package: float 2001/11/08 v1.3d Float enhancements (AL)
\c@float@type=\count194
\float@exts=\toks18
\float@box=\box51
\@float@everytoks=\toks19
\@floatcapt=\box52
) (D:\Program Files (Mamas)\MiKTeX\tex/latex/base\ifthen.sty
Package: ifthen 2022/04/13 v1.1d Standard LaTeX ifthen package (DPC)
)
\@float@every@algorithm=\toks20
\c@algorithm=\count195
) (D:\Program Files (Mamas)\MiKTeX\tex/latex/tools\indentfirst.sty
Package: indentfirst 1995/11/23 v1.03 Indent first paragraph (DPC)
) (D:\Program Files (Mamas)\MiKTeX\tex/latex/lipsum\lipsum.sty (D:\Program Files (Mamas)\MiKTeX\tex/latex/l3packages/l3keys2e\l3keys2e.sty (D:\Program Files (Mamas)\MiKTeX\tex/latex/l3kernel\expl3.sty
Package: expl3 2023-10-10 L3 programming layer (loader) 
 (D:\Program Files (Mamas)\MiKTeX\tex/latex/l3backend\l3backend-pdftex.def
File: l3backend-pdftex.def 2023-10-10 L3 backend support: PDF output (pdfTeX)
\l__color_backend_stack_int=\count196
\l__pdf_internal_box=\box53
))
Package: l3keys2e 2023-10-10 LaTeX2e option processing using LaTeX3 keys
)
Package: lipsum 2021-09-20 v2.7 150 paragraphs of Lorem Ipsum dummy text
\g__lipsum_par_int=\count197
\l__lipsum_a_int=\count198
\l__lipsum_b_int=\count199
 (D:\Program Files (Mamas)\MiKTeX\tex/latex/lipsum\lipsum.ltd.tex)) (D:\Program Files (Mamas)\MiKTeX\tex/latex/blindtext\blindtext.sty
Package: blindtext 2012/01/06 V2.0 blindtext-Package
 (D:\Program Files (Mamas)\MiKTeX\tex/latex/tools\xspace.sty
Package: xspace 2014/10/28 v1.13 Space after command names (DPC,MH)
)
\c@blindtext=\count266
\c@Blindtext=\count267
\c@blind@countparstart=\count268
\blind@countxx=\count269
\blindtext@numBlindtext=\count270
\blind@countyy=\count271
\c@blindlist=\count272
\c@blindlistlevel=\count273
\c@blindlist@level=\count274
\blind@listitem=\count275
\c@blind@listcount=\count276
\c@blind@levelcount=\count277
\blind@mathformula=\count278
\blind@Mathformula=\count279
\c@blind@randomcount=\count280
\c@blind@randommax=\count281
\c@blind@pangramcount=\count282
\c@blind@pangrammax=\count283
) (D:\Program Files (Mamas)\MiKTeX\tex/latex/ragged2e\ragged2e.sty
Package: ragged2e 2023/06/22 v3.6 ragged2e Package
\CenteringLeftskip=\skip50
\RaggedLeftLeftskip=\skip51
\RaggedRightLeftskip=\skip52
\CenteringRightskip=\skip53
\RaggedLeftRightskip=\skip54
\RaggedRightRightskip=\skip55
\CenteringParfillskip=\skip56
\RaggedLeftParfillskip=\skip57
\RaggedRightParfillskip=\skip58
\JustifyingParfillskip=\skip59
\CenteringParindent=\skip60
\RaggedLeftParindent=\skip61
\RaggedRightParindent=\skip62
\JustifyingParindent=\skip63
) (D:\Program Files (Mamas)\MiKTeX\tex/latex/multirow\multirow.sty
Package: multirow 2021/03/15 v2.8 Span multiple rows of a table
\multirow@colwidth=\skip64
\multirow@cntb=\count284
\multirow@dima=\skip65
\bigstrutjot=\dimen144
) (D:\Program Files (Mamas)\MiKTeX\tex/latex/tools\multicol.sty
Package: multicol 2023/03/30 v1.9f multicolumn formatting (FMi)
\c@tracingmulticols=\count285
\mult@box=\box54
\multicol@leftmargin=\dimen145
\c@unbalance=\count286
\c@collectmore=\count287
\doublecol@number=\count288
\multicoltolerance=\count289
\multicolpretolerance=\count290
\full@width=\dimen146
\page@free=\dimen147
\premulticols=\dimen148
\postmulticols=\dimen149
\multicolsep=\skip66
\multicolbaselineskip=\skip67
\partial@page=\box55
\last@line=\box56
\mc@boxedresult=\box57
\maxbalancingoverflow=\dimen150
\mult@rightbox=\box58
\mult@grightbox=\box59
\mult@firstbox=\box60
\mult@gfirstbox=\box61
\@tempa=\box62
\@tempa=\box63
\@tempa=\box64
\@tempa=\box65
\@tempa=\box66
\@tempa=\box67
\@tempa=\box68
\@tempa=\box69
\@tempa=\box70
\@tempa=\box71
\@tempa=\box72
\@tempa=\box73
\@tempa=\box74
\@tempa=\box75
\@tempa=\box76
\@tempa=\box77
\@tempa=\box78
\@tempa=\box79
\@tempa=\box80
\@tempa=\box81
\@tempa=\box82
\@tempa=\box83
\@tempa=\box84
\@tempa=\box85
\@tempa=\box86
\@tempa=\box87
\@tempa=\box88
\@tempa=\box89
\@tempa=\box90
\@tempa=\box91
\@tempa=\box92
\@tempa=\box93
\@tempa=\box94
\@tempa=\box95
\@tempa=\box96
\@tempa=\box97
\c@minrows=\count291
\c@columnbadness=\count292
\c@finalcolumnbadness=\count293
\last@try=\dimen151
\multicolovershoot=\dimen152
\multicolundershoot=\dimen153
\mult@nat@firstbox=\box98
\colbreak@box=\box99
\mc@col@check@num=\count294
) (D:\Program Files (Mamas)\MiKTeX\tex/latex/tools\array.sty
Package: array 2022/09/04 v2.5g Tabular extension package (FMi)
\col@sep=\dimen154
\ar@mcellbox=\box100
\extrarowheight=\dimen155
\NC@list=\toks21
\extratabsurround=\skip68
\backup@length=\skip69
\ar@cellbox=\box101
) (D:\Program Files (Mamas)\MiKTeX\tex/latex/psnfss\times.sty
Package: times 2020/03/25 PSNFSS-v9.3 (SPQR) 
) (D:\Program Files (Mamas)\MiKTeX\tex/latex/mfirstuc\mfirstuc.sty
Package: mfirstuc 2022/10/14 v2.08 (NLCT)
 (D:\Program Files (Mamas)\MiKTeX\tex/latex/etoolbox\etoolbox.sty
Package: etoolbox 2020/10/05 v2.5k e-TeX tools for LaTeX (JAW)
\etb@tempcnta=\count295
)
\@glsmfirst=\toks22
\@glsmrest=\toks23
) (D:\Program Files (Mamas)\MiKTeX\tex/latex/amsmath\amsmath.sty
Package: amsmath 2023/05/13 v2.17o AMS math features
\@mathmargin=\skip70

For additional information on amsmath, use the `?' option.
(D:\Program Files (Mamas)\MiKTeX\tex/latex/amsmath\amstext.sty
Package: amstext 2021/08/26 v2.01 AMS text
 (D:\Program Files (Mamas)\MiKTeX\tex/latex/amsmath\amsgen.sty
File: amsgen.sty 1999/11/30 v2.0 generic functions
\@emptytoks=\toks24
\ex@=\dimen156
)) (D:\Program Files (Mamas)\MiKTeX\tex/latex/amsmath\amsbsy.sty
Package: amsbsy 1999/11/29 v1.2d Bold Symbols
\pmbraise@=\dimen157
) (D:\Program Files (Mamas)\MiKTeX\tex/latex/amsmath\amsopn.sty
Package: amsopn 2022/04/08 v2.04 operator names
)
\inf@bad=\count296
LaTeX Info: Redefining \frac on input line 234.
\uproot@=\count297
\leftroot@=\count298
LaTeX Info: Redefining \overline on input line 399.
LaTeX Info: Redefining \colon on input line 410.
\classnum@=\count299
\DOTSCASE@=\count300
LaTeX Info: Redefining \ldots on input line 496.
LaTeX Info: Redefining \dots on input line 499.
LaTeX Info: Redefining \cdots on input line 620.
\Mathstrutbox@=\box102
\strutbox@=\box103
LaTeX Info: Redefining \big on input line 722.
LaTeX Info: Redefining \Big on input line 723.
LaTeX Info: Redefining \bigg on input line 724.
LaTeX Info: Redefining \Bigg on input line 725.
\big@size=\dimen158
LaTeX Font Info:    Redeclaring font encoding OML on input line 743.
LaTeX Font Info:    Redeclaring font encoding OMS on input line 744.
\macc@depth=\count301
LaTeX Info: Redefining \bmod on input line 905.
LaTeX Info: Redefining \pmod on input line 910.
LaTeX Info: Redefining \smash on input line 940.
LaTeX Info: Redefining \relbar on input line 970.
LaTeX Info: Redefining \Relbar on input line 971.
\c@MaxMatrixCols=\count302
\dotsspace@=\muskip16
\c@parentequation=\count303
\dspbrk@lvl=\count304
\tag@help=\toks25
\row@=\count305
\column@=\count306
\maxfields@=\count307
\andhelp@=\toks26
\eqnshift@=\dimen159
\alignsep@=\dimen160
\tagshift@=\dimen161
\tagwidth@=\dimen162
\totwidth@=\dimen163
\lineht@=\dimen164
\@envbody=\toks27
\multlinegap=\skip71
\multlinetaggap=\skip72
\mathdisplay@stack=\toks28
LaTeX Info: Redefining \[ on input line 2953.
LaTeX Info: Redefining \] on input line 2954.
) (D:\Program Files (Mamas)\MiKTeX\tex/latex/amsfonts\amssymb.sty
Package: amssymb 2013/01/14 v3.01 AMS font symbols
 (D:\Program Files (Mamas)\MiKTeX\tex/latex/amsfonts\amsfonts.sty
Package: amsfonts 2013/01/14 v3.01 Basic AMSFonts support
\symAMSa=\mathgroup4
\symAMSb=\mathgroup5
LaTeX Font Info:    Redeclaring math symbol \hbar on input line 98.
LaTeX Font Info:    Overwriting math alphabet `\mathfrak' in version `bold'
(Font)                  U/euf/m/n --> U/euf/b/n on input line 106.
)) (D:\Program Files (Mamas)\MiKTeX\tex/latex/mathtools\mathtools.sty
Package: mathtools 2022/06/29 v1.29 mathematical typesetting tools
 (D:\Program Files (Mamas)\MiKTeX\tex/latex/tools\calc.sty
Package: calc 2017/05/25 v4.3 Infix arithmetic (KKT,FJ)
\calc@Acount=\count308
\calc@Bcount=\count309
\calc@Adimen=\dimen165
\calc@Bdimen=\dimen166
\calc@Askip=\skip73
\calc@Bskip=\skip74
LaTeX Info: Redefining \setlength on input line 80.
LaTeX Info: Redefining \addtolength on input line 81.
\calc@Ccount=\count310
\calc@Cskip=\skip75
) (D:\Program Files (Mamas)\MiKTeX\tex/latex/mathtools\mhsetup.sty
Package: mhsetup 2021/03/18 v1.4 programming setup (MH)
)
\g_MT_multlinerow_int=\count311
\l_MT_multwidth_dim=\dimen167
\origjot=\skip76
\l_MT_shortvdotswithinadjustabove_dim=\dimen168
\l_MT_shortvdotswithinadjustbelow_dim=\dimen169
\l_MT_above_intertext_sep=\dimen170
\l_MT_below_intertext_sep=\dimen171
\l_MT_above_shortintertext_sep=\dimen172
\l_MT_below_shortintertext_sep=\dimen173
\xmathstrut@box=\box104
\xmathstrut@dim=\dimen174
) (D:\Program Files (Mamas)\MiKTeX\tex/latex/amscls\amsthm.sty
Package: amsthm 2020/05/29 v2.20.6
\thm@style=\toks29
\thm@bodyfont=\toks30
\thm@headfont=\toks31
\thm@notefont=\toks32
\thm@headpunct=\toks33
\thm@preskip=\skip77
\thm@postskip=\skip78
\thm@headsep=\skip79
\dth@everypar=\toks34
) (D:\Program Files (Mamas)\MiKTeX\tex/latex/nicematrix\nicematrix.sty (D:\Program Files (Mamas)\MiKTeX\tex/latex/pgf/basiclayer\pgfcore.sty (D:\Program Files (Mamas)\MiKTeX\tex/latex/graphics\graphicx.sty
Package: graphicx 2021/09/16 v1.2d Enhanced LaTeX Graphics (DPC,SPQR)
 (D:\Program Files (Mamas)\MiKTeX\tex/latex/graphics\graphics.sty
Package: graphics 2022/03/10 v1.4e Standard LaTeX Graphics (DPC,SPQR)
 (D:\Program Files (Mamas)\MiKTeX\tex/latex/graphics\trig.sty
Package: trig 2021/08/11 v1.11 sin cos tan (DPC)
) (D:\Program Files (Mamas)\MiKTeX\tex/latex/graphics-cfg\graphics.cfg
File: graphics.cfg 2016/06/04 v1.11 sample graphics configuration
)
Package graphics Info: Driver file: pdftex.def on input line 107.
)
\Gin@req@height=\dimen175
\Gin@req@width=\dimen176
) (D:\Program Files (Mamas)\MiKTeX\tex/latex/pgf/systemlayer\pgfsys.sty (D:\Program Files (Mamas)\MiKTeX\tex/latex/pgf/utilities\pgfrcs.sty (D:\Program Files (Mamas)\MiKTeX\tex/generic/pgf/utilities\pgfutil-common.tex
\pgfutil@everybye=\toks35
\pgfutil@tempdima=\dimen177
\pgfutil@tempdimb=\dimen178
) (D:\Program Files (Mamas)\MiKTeX\tex/generic/pgf/utilities\pgfutil-latex.def
\pgfutil@abb=\box105
) (D:\Program Files (Mamas)\MiKTeX\tex/generic/pgf/utilities\pgfrcs.code.tex (D:\Program Files (Mamas)\MiKTeX\tex/generic/pgf\pgf.revision.tex)
Package: pgfrcs 2023-01-15 v3.1.10 (3.1.10)
)) (D:\Program Files (Mamas)\MiKTeX\tex/generic/pgf/systemlayer\pgfsys.code.tex
Package: pgfsys 2023-01-15 v3.1.10 (3.1.10)
 (D:\Program Files (Mamas)\MiKTeX\tex/generic/pgf/utilities\pgfkeys.code.tex
\pgfkeys@pathtoks=\toks36
\pgfkeys@temptoks=\toks37
 (D:\Program Files (Mamas)\MiKTeX\tex/generic/pgf/utilities\pgfkeyslibraryfiltered.code.tex
\pgfkeys@tmptoks=\toks38
))
\pgf@x=\dimen179
\pgf@y=\dimen180
\pgf@xa=\dimen181
\pgf@ya=\dimen182
\pgf@xb=\dimen183
\pgf@yb=\dimen184
\pgf@xc=\dimen185
\pgf@yc=\dimen186
\pgf@xd=\dimen187
\pgf@yd=\dimen188
\w@pgf@writea=\write3
\r@pgf@reada=\read2
\c@pgf@counta=\count312
\c@pgf@countb=\count313
\c@pgf@countc=\count314
\c@pgf@countd=\count315
\t@pgf@toka=\toks39
\t@pgf@tokb=\toks40
\t@pgf@tokc=\toks41
\pgf@sys@id@count=\count316
 (D:\Program Files (Mamas)\MiKTeX\tex/generic/pgf/systemlayer\pgf.cfg
File: pgf.cfg 2023-01-15 v3.1.10 (3.1.10)
)
Driver file for pgf: pgfsys-pdftex.def
 (D:\Program Files (Mamas)\MiKTeX\tex/generic/pgf/systemlayer\pgfsys-pdftex.def
File: pgfsys-pdftex.def 2023-01-15 v3.1.10 (3.1.10)
 (D:\Program Files (Mamas)\MiKTeX\tex/generic/pgf/systemlayer\pgfsys-common-pdf.def
File: pgfsys-common-pdf.def 2023-01-15 v3.1.10 (3.1.10)
))) (D:\Program Files (Mamas)\MiKTeX\tex/generic/pgf/systemlayer\pgfsyssoftpath.code.tex
File: pgfsyssoftpath.code.tex 2023-01-15 v3.1.10 (3.1.10)
\pgfsyssoftpath@smallbuffer@items=\count317
\pgfsyssoftpath@bigbuffer@items=\count318
) (D:\Program Files (Mamas)\MiKTeX\tex/generic/pgf/systemlayer\pgfsysprotocol.code.tex
File: pgfsysprotocol.code.tex 2023-01-15 v3.1.10 (3.1.10)
)) (D:\Program Files (Mamas)\MiKTeX\tex/generic/pgf/basiclayer\pgfcore.code.tex
Package: pgfcore 2023-01-15 v3.1.10 (3.1.10)
 (D:\Program Files (Mamas)\MiKTeX\tex/generic/pgf/math\pgfmath.code.tex (D:\Program Files (Mamas)\MiKTeX\tex/generic/pgf/math\pgfmathutil.code.tex) (D:\Program Files (Mamas)\MiKTeX\tex/generic/pgf/math\pgfmathparser.code.tex
\pgfmath@dimen=\dimen189
\pgfmath@count=\count319
\pgfmath@box=\box106
\pgfmath@toks=\toks42
\pgfmath@stack@operand=\toks43
\pgfmath@stack@operation=\toks44
) (D:\Program Files (Mamas)\MiKTeX\tex/generic/pgf/math\pgfmathfunctions.code.tex) (D:\Program Files (Mamas)\MiKTeX\tex/generic/pgf/math\pgfmathfunctions.basic.code.tex) (D:\Program Files (Mamas)\MiKTeX\tex/generic/pgf/math\pgfmathfunctions.trigonometric.code.tex) (D:\Program Files (Mamas)\MiKTeX\tex/generic/pgf/math\pgfmathfunctions.random.code.tex) (D:\Program Files (Mamas)\MiKTeX\tex/generic/pgf/math\pgfmathfunctions.comparison.code.tex) (D:\Program Files (Mamas)\MiKTeX\tex/generic/pgf/math\pgfmathfunctions.base.code.tex) (D:\Program Files (Mamas)\MiKTeX\tex/generic/pgf/math\pgfmathfunctions.round.code.tex) (D:\Program Files (Mamas)\MiKTeX\tex/generic/pgf/math\pgfmathfunctions.misc.code.tex) (D:\Program Files (Mamas)\MiKTeX\tex/generic/pgf/math\pgfmathfunctions.integerarithmetics.code.tex) (D:\Program Files (Mamas)\MiKTeX\tex/generic/pgf/math\pgfmathcalc.code.tex) (D:\Program Files (Mamas)\MiKTeX\tex/generic/pgf/math\pgfmathfloat.code.tex
\c@pgfmathroundto@lastzeros=\count320
)) (D:\Program Files (Mamas)\MiKTeX\tex/generic/pgf/math\pgfint.code.tex) (D:\Program Files (Mamas)\MiKTeX\tex/generic/pgf/basiclayer\pgfcorepoints.code.tex
File: pgfcorepoints.code.tex 2023-01-15 v3.1.10 (3.1.10)
\pgf@picminx=\dimen190
\pgf@picmaxx=\dimen191
\pgf@picminy=\dimen192
\pgf@picmaxy=\dimen193
\pgf@pathminx=\dimen194
\pgf@pathmaxx=\dimen195
\pgf@pathminy=\dimen196
\pgf@pathmaxy=\dimen197
\pgf@xx=\dimen198
\pgf@xy=\dimen199
\pgf@yx=\dimen256
\pgf@yy=\dimen257
\pgf@zx=\dimen258
\pgf@zy=\dimen259
) (D:\Program Files (Mamas)\MiKTeX\tex/generic/pgf/basiclayer\pgfcorepathconstruct.code.tex
File: pgfcorepathconstruct.code.tex 2023-01-15 v3.1.10 (3.1.10)
\pgf@path@lastx=\dimen260
\pgf@path@lasty=\dimen261
) (D:\Program Files (Mamas)\MiKTeX\tex/generic/pgf/basiclayer\pgfcorepathusage.code.tex
File: pgfcorepathusage.code.tex 2023-01-15 v3.1.10 (3.1.10)
\pgf@shorten@end@additional=\dimen262
\pgf@shorten@start@additional=\dimen263
) (D:\Program Files (Mamas)\MiKTeX\tex/generic/pgf/basiclayer\pgfcorescopes.code.tex
File: pgfcorescopes.code.tex 2023-01-15 v3.1.10 (3.1.10)
\pgfpic=\box107
\pgf@hbox=\box108
\pgf@layerbox@main=\box109
\pgf@picture@serial@count=\count321
) (D:\Program Files (Mamas)\MiKTeX\tex/generic/pgf/basiclayer\pgfcoregraphicstate.code.tex
File: pgfcoregraphicstate.code.tex 2023-01-15 v3.1.10 (3.1.10)
\pgflinewidth=\dimen264
) (D:\Program Files (Mamas)\MiKTeX\tex/generic/pgf/basiclayer\pgfcoretransformations.code.tex
File: pgfcoretransformations.code.tex 2023-01-15 v3.1.10 (3.1.10)
\pgf@pt@x=\dimen265
\pgf@pt@y=\dimen266
\pgf@pt@temp=\dimen267
) (D:\Program Files (Mamas)\MiKTeX\tex/generic/pgf/basiclayer\pgfcorequick.code.tex
File: pgfcorequick.code.tex 2023-01-15 v3.1.10 (3.1.10)
) (D:\Program Files (Mamas)\MiKTeX\tex/generic/pgf/basiclayer\pgfcoreobjects.code.tex
File: pgfcoreobjects.code.tex 2023-01-15 v3.1.10 (3.1.10)
) (D:\Program Files (Mamas)\MiKTeX\tex/generic/pgf/basiclayer\pgfcorepathprocessing.code.tex
File: pgfcorepathprocessing.code.tex 2023-01-15 v3.1.10 (3.1.10)
) (D:\Program Files (Mamas)\MiKTeX\tex/generic/pgf/basiclayer\pgfcorearrows.code.tex
File: pgfcorearrows.code.tex 2023-01-15 v3.1.10 (3.1.10)
\pgfarrowsep=\dimen268
) (D:\Program Files (Mamas)\MiKTeX\tex/generic/pgf/basiclayer\pgfcoreshade.code.tex
File: pgfcoreshade.code.tex 2023-01-15 v3.1.10 (3.1.10)
\pgf@max=\dimen269
\pgf@sys@shading@range@num=\count322
\pgf@shadingcount=\count323
) (D:\Program Files (Mamas)\MiKTeX\tex/generic/pgf/basiclayer\pgfcoreimage.code.tex
File: pgfcoreimage.code.tex 2023-01-15 v3.1.10 (3.1.10)
) (D:\Program Files (Mamas)\MiKTeX\tex/generic/pgf/basiclayer\pgfcoreexternal.code.tex
File: pgfcoreexternal.code.tex 2023-01-15 v3.1.10 (3.1.10)
\pgfexternal@startupbox=\box110
) (D:\Program Files (Mamas)\MiKTeX\tex/generic/pgf/basiclayer\pgfcorelayers.code.tex
File: pgfcorelayers.code.tex 2023-01-15 v3.1.10 (3.1.10)
) (D:\Program Files (Mamas)\MiKTeX\tex/generic/pgf/basiclayer\pgfcoretransparency.code.tex
File: pgfcoretransparency.code.tex 2023-01-15 v3.1.10 (3.1.10)
) (D:\Program Files (Mamas)\MiKTeX\tex/generic/pgf/basiclayer\pgfcorepatterns.code.tex
File: pgfcorepatterns.code.tex 2023-01-15 v3.1.10 (3.1.10)
) (D:\Program Files (Mamas)\MiKTeX\tex/generic/pgf/basiclayer\pgfcorerdf.code.tex
File: pgfcorerdf.code.tex 2023-01-15 v3.1.10 (3.1.10)
))) (D:\Program Files (Mamas)\MiKTeX\tex/generic/pgf/modules\pgfmoduleshapes.code.tex
File: pgfmoduleshapes.code.tex 2023-01-15 v3.1.10 (3.1.10)
\pgfnodeparttextbox=\box111
)
Package: nicematrix 2024/06/29 v6.28b Enhanced arrays with the help of PGF/TikZ
\g__nicematrix_env_int=\count324
\g__nicematrix_NiceMatrixBlock_int=\count325
\g__nicematrix_notes_caption_int=\count326
\l__nicematrix_columns_width_dim=\dimen270
\l__nicematrix_col_width_dim=\dimen271
\g__nicematrix_row_total_int=\count327
\g__nicematrix_col_total_int=\count328
\g__nicematrix_last_row_node_int=\count329
\l__nicematrix_key_nb_rows_int=\count330
\g__nicematrix_blocks_wd_dim=\dimen272
\g__nicematrix_blocks_ht_dim=\dimen273
\g__nicematrix_blocks_dp_dim=\dimen274
\l__nicematrix_width_dim=\dimen275
\l__nicematrix_tabular_width_dim=\dimen276
\l__nicematrix_rule_width_dim=\dimen277
\l__nicematrix_old_iRow_int=\count331
\l__nicematrix_old_jCol_int=\count332
\g__nicematrix_total_X_weight_int=\count333
\l__nicematrix_X_columns_dim=\dimen278
\l__nicematrix_x_initial_dim=\dimen279
\l__nicematrix_y_initial_dim=\dimen280
\l__nicematrix_x_final_dim=\dimen281
\l__nicematrix_y_final_dim=\dimen282
\l__nicematrix_tmpc_dim=\dimen283
\l__nicematrix_tmpd_dim=\dimen284
\g__nicematrix_dp_row_zero_dim=\dimen285
\g__nicematrix_ht_row_zero_dim=\dimen286
\g__nicematrix_ht_row_one_dim=\dimen287
\g__nicematrix_dp_ante_last_row_dim=\dimen288
\g__nicematrix_ht_last_row_dim=\dimen289
\g__nicematrix_dp_last_row_dim=\dimen290
\g__nicematrix_width_last_col_dim=\dimen291
\g__nicematrix_width_first_col_dim=\dimen292
\l__nicematrix_row_min_int=\count334
\l__nicematrix_row_max_int=\count335
\l__nicematrix_col_min_int=\count336
\l__nicematrix_col_max_int=\count337
\l__nicematrix_start_int=\count338
\l__nicematrix_end_int=\count339
\l__nicematrix_local_start_int=\count340
\l__nicematrix_local_end_int=\count341
\g__nicematrix_static_num_of_col_int=\count342
\l__nicematrix_rounded_corners_dim=\dimen293
\l__nicematrix_tab_rounded_corners_dim=\dimen294
\l__nicematrix_offset_dim=\dimen295
\l__nicematrix_line_width_dim=\dimen296
\g__nicematrix_block_box_int=\count343
\l__nicematrix_submatrix_extra_height_dim=\dimen297
\l__nicematrix_submatrix_left_xshift_dim=\dimen298
\l__nicematrix_submatrix_right_xshift_dim=\dimen299
\l__nicematrix_first_row_int=\count344
\l__nicematrix_first_col_int=\count345
\l__nicematrix_last_row_int=\count346
\l__nicematrix_last_col_int=\count347
\c@tabularnote=\count348
\g__nicematrix_tabularnote_int=\count349
\c@nicematrix_draft=\count350
\l__nicematrix_cell_space_top_limit_dim=\dimen300
\l__nicematrix_cell_space_bottom_limit_dim=\dimen301
\l__nicematrix_xdots_inter_dim=\dimen302
\l__nicematrix_xdots_shorten_start_dim=\dimen303
\l__nicematrix_xdots_shorten_end_dim=\dimen304
\l__nicematrix_xdots_radius_dim=\dimen305
\l__nicematrix_notes_above_space_dim=\dimen306
\l__nicematrix_left_margin_dim=\dimen307
\l__nicematrix_right_margin_dim=\dimen308
\l__nicematrix_extra_left_margin_dim=\dimen309
\l__nicematrix_extra_right_margin_dim=\dimen310
\c__nicematrix_max_l_dim=\dimen311
\l__nicematrix_position_int=\count351
\l__nicematrix_multiplicity_int=\count352
\l__nicematrix_brace_yshift_dim=\dimen312
) (D:\Program Files (Mamas)\MiKTeX\tex/latex/graphics\lscape.sty
Package: lscape 2020/05/28 v3.02 Landscape Pages (DPC)
) (D:\Program Files (Mamas)\MiKTeX\tex/latex/pgf/frontendlayer\tikz.sty (D:\Program Files (Mamas)\MiKTeX\tex/latex/pgf/basiclayer\pgf.sty
Package: pgf 2023-01-15 v3.1.10 (3.1.10)
 (D:\Program Files (Mamas)\MiKTeX\tex/generic/pgf/modules\pgfmoduleplot.code.tex
File: pgfmoduleplot.code.tex 2023-01-15 v3.1.10 (3.1.10)
) (D:\Program Files (Mamas)\MiKTeX\tex/latex/pgf/compatibility\pgfcomp-version-0-65.sty
Package: pgfcomp-version-0-65 2023-01-15 v3.1.10 (3.1.10)
\pgf@nodesepstart=\dimen313
\pgf@nodesepend=\dimen314
) (D:\Program Files (Mamas)\MiKTeX\tex/latex/pgf/compatibility\pgfcomp-version-1-18.sty
Package: pgfcomp-version-1-18 2023-01-15 v3.1.10 (3.1.10)
)) (D:\Program Files (Mamas)\MiKTeX\tex/latex/pgf/utilities\pgffor.sty (D:\Program Files (Mamas)\MiKTeX\tex/latex/pgf/utilities\pgfkeys.sty (D:\Program Files (Mamas)\MiKTeX\tex/generic/pgf/utilities\pgfkeys.code.tex)) (D:\Program Files (Mamas)\MiKTeX\tex/latex/pgf/math\pgfmath.sty (D:\Program Files (Mamas)\MiKTeX\tex/generic/pgf/math\pgfmath.code.tex)) (D:\Program Files (Mamas)\MiKTeX\tex/generic/pgf/utilities\pgffor.code.tex
Package: pgffor 2023-01-15 v3.1.10 (3.1.10)
\pgffor@iter=\dimen315
\pgffor@skip=\dimen316
\pgffor@stack=\toks45
\pgffor@toks=\toks46
)) (D:\Program Files (Mamas)\MiKTeX\tex/generic/pgf/frontendlayer/tikz\tikz.code.tex
Package: tikz 2023-01-15 v3.1.10 (3.1.10)
 (D:\Program Files (Mamas)\MiKTeX\tex/generic/pgf/libraries\pgflibraryplothandlers.code.tex
File: pgflibraryplothandlers.code.tex 2023-01-15 v3.1.10 (3.1.10)
\pgf@plot@mark@count=\count353
\pgfplotmarksize=\dimen317
)
\tikz@lastx=\dimen318
\tikz@lasty=\dimen319
\tikz@lastxsaved=\dimen320
\tikz@lastysaved=\dimen321
\tikz@lastmovetox=\dimen322
\tikz@lastmovetoy=\dimen323
\tikzleveldistance=\dimen324
\tikzsiblingdistance=\dimen325
\tikz@figbox=\box112
\tikz@figbox@bg=\box113
\tikz@tempbox=\box114
\tikz@tempbox@bg=\box115
\tikztreelevel=\count354
\tikznumberofchildren=\count355
\tikznumberofcurrentchild=\count356
\tikz@fig@count=\count357
 (D:\Program Files (Mamas)\MiKTeX\tex/generic/pgf/modules\pgfmodulematrix.code.tex
File: pgfmodulematrix.code.tex 2023-01-15 v3.1.10 (3.1.10)
\pgfmatrixcurrentrow=\count358
\pgfmatrixcurrentcolumn=\count359
\pgf@matrix@numberofcolumns=\count360
)
\tikz@expandcount=\count361
 (D:\Program Files (Mamas)\MiKTeX\tex/generic/pgf/frontendlayer/tikz/libraries\tikzlibrarytopaths.code.tex
File: tikzlibrarytopaths.code.tex 2023-01-15 v3.1.10 (3.1.10)
))) (D:\Program Files (Mamas)\MiKTeX\tex/latex/colortbl\colortbl.sty
Package: colortbl 2022/06/20 v1.0f Color table columns (DPC)
\everycr=\toks47
\minrowclearance=\skip80
\rownum=\count362
) (D:\Program Files (Mamas)\MiKTeX\tex/latex/tools\enumerate.sty
Package: enumerate 2015/07/23 v3.00 enumerate extensions (DPC)
\@enLab=\toks48
) (D:\Program Files (Mamas)\MiKTeX\tex/latex/enumitem\enumitem.sty
Package: enumitem 2019/06/20 v3.9 Customized lists
\labelindent=\skip81
\enit@outerparindent=\dimen326
\enit@toks=\toks49
\enit@inbox=\box116
\enit@count@id=\count363
\enitdp@description=\count364
) (D:\Program Files (Mamas)\MiKTeX\tex/latex/changepage\changepage.sty
Package: changepage 2009/10/20 v1.0c check page and change page layout
\c@cp@cntr=\count365
\cp@tempcnt=\count366
) (D:\Program Files (Mamas)\MiKTeX\tex/latex/pgfplots\pgfplots.sty (D:\Program Files (Mamas)\MiKTeX\tex/generic/pgfplots\pgfplots.revision.tex)
Package: pgfplots 2021/05/15 v1.18.1 Data Visualization (1.18.1)
 (D:\Program Files (Mamas)\MiKTeX\tex/generic/pgfplots\pgfplots.code.tex (D:\Program Files (Mamas)\MiKTeX\tex/generic/pgfplots\pgfplotscore.code.tex
\t@pgfplots@toka=\toks50
\t@pgfplots@tokb=\toks51
\t@pgfplots@tokc=\toks52
\pgfplots@tmpa=\dimen327
\c@pgfplots@coordindex=\count367
\c@pgfplots@scanlineindex=\count368
 (D:\Program Files (Mamas)\MiKTeX\tex/generic/pgfplots/sys\pgfplotssysgeneric.code.tex)) (D:\Program Files (Mamas)\MiKTeX\tex/generic/pgfplots/libs\pgfplotslibrary.code.tex) (D:\Program Files (Mamas)\MiKTeX\tex/generic/pgfplots/oldpgfcompatib\pgfplotsoldpgfsupp_loader.code.tex (D:\Program Files (Mamas)\MiKTeX\tex/generic/pgf/libraries\pgflibraryfpu.code.tex)
Package pgfplots: loading complementary utilities for your pgf version...
\t@pgf@toka=\toks53
\t@pgf@tokb=\toks54
\t@pgf@tokc=\toks55
(D:\Program Files (Mamas)\MiKTeX\tex/generic/pgfplots/oldpgfcompatib\pgfplotsoldpgfsupp_pgfutil-common-lists.tex)) (D:\Program Files (Mamas)\MiKTeX\tex/generic/pgfplots/util\pgfplotsutil.code.tex (D:\Program Files (Mamas)\MiKTeX\tex/generic/pgfplots/liststructure\pgfplotsliststructure.code.tex) (D:\Program Files (Mamas)\MiKTeX\tex/generic/pgfplots/liststructure\pgfplotsliststructureext.code.tex) (D:\Program Files (Mamas)\MiKTeX\tex/generic/pgfplots/liststructure\pgfplotsarray.code.tex
\c@pgfplotsarray@tmp=\count369
) (D:\Program Files (Mamas)\MiKTeX\tex/generic/pgfplots/liststructure\pgfplotsmatrix.code.tex) (D:\Program Files (Mamas)\MiKTeX\tex/generic/pgfplots/numtable\pgfplotstableshared.code.tex
\c@pgfplotstable@counta=\count370
\t@pgfplotstable@a=\toks56
) (D:\Program Files (Mamas)\MiKTeX\tex/generic/pgfplots/liststructure\pgfplotsdeque.code.tex) (D:\Program Files (Mamas)\MiKTeX\tex/generic/pgfplots/util\pgfplotsbinary.code.tex (D:\Program Files (Mamas)\MiKTeX\tex/generic/pgfplots/util\pgfplotsbinary.data.code.tex)) (D:\Program Files (Mamas)\MiKTeX\tex/generic/pgfplots/util\pgfplotsutil.verb.code.tex) (D:\Program Files (Mamas)\MiKTeX\tex/generic/pgfplots/libs\pgflibrarypgfplots.surfshading.code.tex
\c@pgfplotslibrarysurf@no=\count371
 (D:\Program Files (Mamas)\MiKTeX\tex/generic/pgfplots/sys\pgflibrarypgfplots.surfshading.pgfsys-pdftex.def))) (D:\Program Files (Mamas)\MiKTeX\tex/generic/pgfplots/util\pgfplotscolormap.code.tex (D:\Program Files (Mamas)\MiKTeX\tex/generic/pgfplots/util\pgfplotscolor.code.tex)) (D:\Program Files (Mamas)\MiKTeX\tex/generic/pgfplots\pgfplotsstackedplots.code.tex) (D:\Program Files (Mamas)\MiKTeX\tex/generic/pgfplots\pgfplotsplothandlers.code.tex (D:\Program Files (Mamas)\MiKTeX\tex/generic/pgfplots\pgfplotsmeshplothandler.code.tex (D:\Program Files (Mamas)\MiKTeX\tex/generic/pgfplots\pgfplotsmeshplotimage.code.tex))) (D:\Program Files (Mamas)\MiKTeX\tex/generic/pgfplots\pgfplots.scaling.code.tex) (D:\Program Files (Mamas)\MiKTeX\tex/generic/pgfplots\pgfplotscoordprocessing.code.tex) (D:\Program Files (Mamas)\MiKTeX\tex/generic/pgfplots\pgfplots.errorbars.code.tex) (D:\Program Files (Mamas)\MiKTeX\tex/generic/pgfplots\pgfplots.markers.code.tex) (D:\Program Files (Mamas)\MiKTeX\tex/generic/pgfplots\pgfplotsticks.code.tex) (D:\Program Files (Mamas)\MiKTeX\tex/generic/pgfplots\pgfplots.paths.code.tex) (D:\Program Files (Mamas)\MiKTeX\tex/generic/pgf/frontendlayer/tikz/libraries\tikzlibrarydecorations.code.tex (D:\Program Files (Mamas)\MiKTeX\tex/generic/pgf/modules\pgfmoduledecorations.code.tex
\pgfdecoratedcompleteddistance=\dimen328
\pgfdecoratedremainingdistance=\dimen329
\pgfdecoratedinputsegmentcompleteddistance=\dimen330
\pgfdecoratedinputsegmentremainingdistance=\dimen331
\pgf@decorate@distancetomove=\dimen332
\pgf@decorate@repeatstate=\count372
\pgfdecorationsegmentamplitude=\dimen333
\pgfdecorationsegmentlength=\dimen334
)
\tikz@lib@dec@box=\box117
) (D:\Program Files (Mamas)\MiKTeX\tex/generic/pgf/frontendlayer/tikz/libraries\tikzlibrarydecorations.pathmorphing.code.tex (D:\Program Files (Mamas)\MiKTeX\tex/generic/pgf/libraries/decorations\pgflibrarydecorations.pathmorphing.code.tex)) (D:\Program Files (Mamas)\MiKTeX\tex/generic/pgf/frontendlayer/tikz/libraries\tikzlibrarydecorations.pathreplacing.code.tex (D:\Program Files (Mamas)\MiKTeX\tex/generic/pgf/libraries/decorations\pgflibrarydecorations.pathreplacing.code.tex)) (D:\Program Files (Mamas)\MiKTeX\tex/generic/pgfplots/libs\tikzlibrarypgfplots.contourlua.code.tex)
\pgfplots@numplots=\count373
\pgfplots@xmin@reg=\dimen335
\pgfplots@xmax@reg=\dimen336
\pgfplots@ymin@reg=\dimen337
\pgfplots@ymax@reg=\dimen338
\pgfplots@zmin@reg=\dimen339
\pgfplots@zmax@reg=\dimen340
) (D:\Program Files (Mamas)\MiKTeX\tex/generic/pgf/frontendlayer/tikz/libraries\tikzlibraryplotmarks.code.tex
File: tikzlibraryplotmarks.code.tex 2023-01-15 v3.1.10 (3.1.10)
 (D:\Program Files (Mamas)\MiKTeX\tex/generic/pgf/libraries\pgflibraryplotmarks.code.tex
File: pgflibraryplotmarks.code.tex 2023-01-15 v3.1.10 (3.1.10)
))) (D:\Program Files (Mamas)\MiKTeX\tex/latex/wrapfig\wrapfig.sty
\wrapoverhang=\dimen341
\WF@size=\dimen342
\c@WF@wrappedlines=\count374
\WF@box=\box118
\WF@everypar=\toks57
Package: wrapfig 2003/01/31  v 3.6
) (D:\Program Files (Mamas)\MiKTeX\tex/latex/adjustbox\adjustbox.sty
Package: adjustbox 2022/10/17 v1.3a Adjusting TeX boxes (trim, clip, ...)
 (D:\Program Files (Mamas)\MiKTeX\tex/latex/xkeyval\xkeyval.sty
Package: xkeyval 2022/06/16 v2.9 package option processing (HA)
 (D:\Program Files (Mamas)\MiKTeX\tex/generic/xkeyval\xkeyval.tex (D:\Program Files (Mamas)\MiKTeX\tex/generic/xkeyval\xkvutils.tex
\XKV@toks=\toks58
\XKV@tempa@toks=\toks59
)
\XKV@depth=\count375
File: xkeyval.tex 2014/12/03 v2.7a key=value parser (HA)
)) (D:\Program Files (Mamas)\MiKTeX\tex/latex/adjustbox\adjcalc.sty
Package: adjcalc 2012/05/16 v1.1 Provides advanced setlength with multiple back-ends (calc, etex, pgfmath)
) (D:\Program Files (Mamas)\MiKTeX\tex/latex/adjustbox\trimclip.sty
Package: trimclip 2020/08/19 v1.2 Trim and clip general TeX material
 (D:\Program Files (Mamas)\MiKTeX\tex/latex/collectbox\collectbox.sty
Package: collectbox 2022/10/17 v0.4c Collect macro arguments as boxes
\collectedbox=\box119
)
\tc@llx=\dimen343
\tc@lly=\dimen344
\tc@urx=\dimen345
\tc@ury=\dimen346
Package trimclip Info: Using driver 'tc-pdftex.def'.
 (D:\Program Files (Mamas)\MiKTeX\tex/latex/adjustbox\tc-pdftex.def
File: tc-pdftex.def 2019/01/04 v2.2 Clipping driver for pdftex
))
\adjbox@Width=\dimen347
\adjbox@Height=\dimen348
\adjbox@Depth=\dimen349
\adjbox@Totalheight=\dimen350
\adjbox@pwidth=\dimen351
\adjbox@pheight=\dimen352
\adjbox@pdepth=\dimen353
\adjbox@ptotalheight=\dimen354
 (D:\Program Files (Mamas)\MiKTeX\tex/latex/ifoddpage\ifoddpage.sty
Package: ifoddpage 2022/10/18 v1.2 Conditionals for odd/even page detection
\c@checkoddpage=\count376
LaTeX Info: Redefining \checkoddpage on input line 45.
) (D:\Program Files (Mamas)\MiKTeX\tex/latex/varwidth\varwidth.sty
Package: varwidth 2009/03/30 ver 0.92;  Variable-width minipages
\@vwid@box=\box120
\sift@deathcycles=\count377
\@vwid@loff=\dimen355
\@vwid@roff=\dimen356
)) (D:\Program Files (Mamas)\MiKTeX\tex/latex/tools\bm.sty
Package: bm 2022/01/05 v1.2f Bold Symbol Support (DPC/FMi)
\symboldoperators=\mathgroup6
\symboldletters=\mathgroup7
\symboldsymbols=\mathgroup8
Package bm Info: No bold for \OMX/cmex/m/n, using \pmb.
Package bm Info: No bold for \U/msa/m/n, using \pmb.
Package bm Info: No bold for \U/msb/m/n, using \pmb.
LaTeX Font Info:    Redeclaring math alphabet \mathbf on input line 149.
) (D:\Program Files (Mamas)\MiKTeX\tex/latex/matlab-prettifier\matlab-prettifier.sty
Package: matlab-prettifier 2014/06/19 v0.3 A package for prettyprinting Matlab source code
 (D:\Program Files (Mamas)\MiKTeX\tex/latex/base\textcomp.sty
Package: textcomp 2020/02/02 v2.0n Standard LaTeX package
) (D:\Program Files (Mamas)\MiKTeX\tex/latex/listings\listings.sty
\lst@mode=\count378
\lst@gtempboxa=\box121
\lst@token=\toks60
\lst@length=\count379
\lst@currlwidth=\dimen357
\lst@column=\count380
\lst@pos=\count381
\lst@lostspace=\dimen358
\lst@width=\dimen359
\lst@newlines=\count382
\lst@lineno=\count383
\lst@maxwidth=\dimen360
 (D:\Program Files (Mamas)\MiKTeX\tex/latex/listings\lstmisc.sty
File: lstmisc.sty 2023/02/27 1.9 (Carsten Heinz)
\c@lstnumber=\count384
\lst@skipnumbers=\count385
\lst@framebox=\box122
) (D:\Program Files (Mamas)\MiKTeX\tex/latex/listings\listings.cfg
File: listings.cfg 2023/02/27 1.9 listings configuration
))
Package: listings 2023/02/27 1.9 (Carsten Heinz)
\netBracketCount@mlpr=\count386
\blkLvl@mlpr=\count387
\blkLvlAtClassdef@mlpr=\count388
\emHeight@mlpr=\skip82
\jayDepth@mlpr=\skip83
\sectionRuleOffset@mlpr=\skip84
\toks@mlpr=\toks61
) (D:\Program Files (Mamas)\MiKTeX\tex/latex/base\inputenc.sty
Package: inputenc 2021/02/14 v1.3d Input encoding file
\inpenc@prehook=\toks62
\inpenc@posthook=\toks63
) (D:\Program Files (Mamas)\MiKTeX\tex/latex/ncctools\nccmath.sty
Package: nccmath 2006/01/20 v1.3 Additional Math Commands (NCC)
\NCC@fracrulewidth=\dimen361
) (D:\Program Files (Mamas)\MiKTeX\tex/latex/booktabs\booktabs.sty
Package: booktabs 2020/01/12 v1.61803398 Publication quality tables
\heavyrulewidth=\dimen362
\lightrulewidth=\dimen363
\cmidrulewidth=\dimen364
\belowrulesep=\dimen365
\belowbottomsep=\dimen366
\aboverulesep=\dimen367
\abovetopsep=\dimen368
\cmidrulesep=\dimen369
\cmidrulekern=\dimen370
\defaultaddspace=\dimen371
\@cmidla=\count389
\@cmidlb=\count390
\@aboverulesep=\dimen372
\@belowrulesep=\dimen373
\@thisruleclass=\count391
\@lastruleclass=\count392
\@thisrulewidth=\dimen374
) (D:\Program Files (Mamas)\MiKTeX\tex/latex/tools\longtable.sty
Package: longtable 2021-09-01 v4.17 Multi-page Table package (DPC)
\LTleft=\skip85
\LTright=\skip86
\LTpre=\skip87
\LTpost=\skip88
\LTchunksize=\count393
\LTcapwidth=\dimen375
\LT@head=\box123
\LT@firsthead=\box124
\LT@foot=\box125
\LT@lastfoot=\box126
\LT@gbox=\box127
\LT@cols=\count394
\LT@rows=\count395
\c@LT@tables=\count396
\c@LT@chunks=\count397
\LT@p@ftn=\toks64
) (D:\Program Files (Mamas)\MiKTeX\tex/latex/ltablex\ltablex.sty
Package: ltablex 2014/08/13 v1.1 Modified tabularx
 (D:\Program Files (Mamas)\MiKTeX\tex/latex/tools\tabularx.sty
Package: tabularx 2020/01/15 v2.11c `tabularx' package (DPC)
\TX@col@width=\dimen376
\TX@old@table=\dimen377
\TX@old@col=\dimen378
\TX@target=\dimen379
\TX@delta=\dimen380
\TX@cols=\count398
\TX@ftn=\toks65
)) (D:\Program Files (Mamas)\MiKTeX\tex/generic/soul\soul.sty
Package: soul 2023-06-14 v3.1 Permit use of UTF-8 characters in soul (HO)
 (D:\Program Files (Mamas)\MiKTeX\tex/generic/soul\soul-ori.sty
Package: soul-ori 2023-06-14 v3.1 letterspacing/underlining (mf)
\SOUL@word=\toks66
\SOUL@lasttoken=\toks67
\SOUL@syllable=\toks68
\SOUL@cmds=\toks69
\SOUL@buffer=\toks70
\SOUL@token=\toks71
\SOUL@syllgoal=\dimen381
\SOUL@syllwidth=\dimen382
\SOUL@charkern=\dimen383
\SOUL@hyphkern=\dimen384
\SOUL@dimen=\dimen385
\SOUL@dimeni=\dimen386
\SOUL@minus=\count399
\SOUL@comma=\count400
\SOUL@apo=\count401
\SOUL@grave=\count402
\SOUL@spaceskip=\skip89
\SOUL@ttwidth=\dimen387
\SOUL@uldp=\dimen388
\SOUL@ulht=\dimen389
) (D:\Program Files (Mamas)\MiKTeX\tex/generic/infwarerr\infwarerr.sty
Package: infwarerr 2019/12/03 v1.5 Providing info/warning/error messages (HO)
) (D:\Program Files (Mamas)\MiKTeX\tex/generic/etexcmds\etexcmds.sty
Package: etexcmds 2019/12/15 v1.7 Avoid name clashes with e-TeX commands (HO)
 (D:\Program Files (Mamas)\MiKTeX\tex/generic/iftex\iftex.sty
Package: iftex 2022/02/03 v1.0f TeX engine tests
))) (D:\Program Files (Mamas)\MiKTeX\tex/latex/mdframed\mdframed.sty
Package: mdframed 2013/07/01 1.9b: mdframed
 (D:\Program Files (Mamas)\MiKTeX\tex/latex/kvoptions\kvoptions.sty
Package: kvoptions 2022-06-15 v3.15 Key value format for package options (HO)
 (D:\Program Files (Mamas)\MiKTeX\tex/generic/ltxcmds\ltxcmds.sty
Package: ltxcmds 2020-05-10 v1.25 LaTeX kernel commands for general use (HO)
) (D:\Program Files (Mamas)\MiKTeX\tex/latex/kvsetkeys\kvsetkeys.sty
Package: kvsetkeys 2022-10-05 v1.19 Key value parser (HO)
)) (D:\Program Files (Mamas)\MiKTeX\tex/latex/l3packages/xparse\xparse.sty
Package: xparse 2023-10-10 L3 Experimental document command parser
) (D:\Program Files (Mamas)\MiKTeX\tex/latex/zref\zref-abspage.sty
Package: zref-abspage 2023-09-14 v2.35 Module abspage for zref (HO)
 (D:\Program Files (Mamas)\MiKTeX\tex/latex/zref\zref-base.sty
Package: zref-base 2023-09-14 v2.35 Module base for zref (HO)
 (D:\Program Files (Mamas)\MiKTeX\tex/generic/kvdefinekeys\kvdefinekeys.sty
Package: kvdefinekeys 2019-12-19 v1.6 Define keys (HO)
) (D:\Program Files (Mamas)\MiKTeX\tex/generic/pdftexcmds\pdftexcmds.sty
Package: pdftexcmds 2020-06-27 v0.33 Utility functions of pdfTeX for LuaTeX (HO)
Package pdftexcmds Info: \pdf@primitive is available.
Package pdftexcmds Info: \pdf@ifprimitive is available.
Package pdftexcmds Info: \pdfdraftmode found.
) (D:\Program Files (Mamas)\MiKTeX\tex/latex/auxhook\auxhook.sty
Package: auxhook 2019-12-17 v1.6 Hooks for auxiliary files (HO)
)
Package zref Info: New property list: main on input line 767.
Package zref Info: New property: default on input line 768.
Package zref Info: New property: page on input line 769.
)
\c@abspage=\count403
Package zref Info: New property: abspage on input line 67.
) (D:\Program Files (Mamas)\MiKTeX\tex/latex/needspace\needspace.sty
Package: needspace 2010/09/12 v1.3d reserve vertical space
)
\mdf@templength=\skip90
\c@mdf@globalstyle@cnt=\count404
\mdf@skipabove@length=\skip91
\mdf@skipbelow@length=\skip92
\mdf@leftmargin@length=\skip93
\mdf@rightmargin@length=\skip94
\mdf@innerleftmargin@length=\skip95
\mdf@innerrightmargin@length=\skip96
\mdf@innertopmargin@length=\skip97
\mdf@innerbottommargin@length=\skip98
\mdf@splittopskip@length=\skip99
\mdf@splitbottomskip@length=\skip100
\mdf@outermargin@length=\skip101
\mdf@innermargin@length=\skip102
\mdf@linewidth@length=\skip103
\mdf@innerlinewidth@length=\skip104
\mdf@middlelinewidth@length=\skip105
\mdf@outerlinewidth@length=\skip106
\mdf@roundcorner@length=\skip107
\mdf@footenotedistance@length=\skip108
\mdf@userdefinedwidth@length=\skip109
\mdf@needspace@length=\skip110
\mdf@frametitleaboveskip@length=\skip111
\mdf@frametitlebelowskip@length=\skip112
\mdf@frametitlerulewidth@length=\skip113
\mdf@frametitleleftmargin@length=\skip114
\mdf@frametitlerightmargin@length=\skip115
\mdf@shadowsize@length=\skip116
\mdf@extratopheight@length=\skip117
\mdf@subtitleabovelinewidth@length=\skip118
\mdf@subtitlebelowlinewidth@length=\skip119
\mdf@subtitleaboveskip@length=\skip120
\mdf@subtitlebelowskip@length=\skip121
\mdf@subtitleinneraboveskip@length=\skip122
\mdf@subtitleinnerbelowskip@length=\skip123
\mdf@subsubtitleabovelinewidth@length=\skip124
\mdf@subsubtitlebelowlinewidth@length=\skip125
\mdf@subsubtitleaboveskip@length=\skip126
\mdf@subsubtitlebelowskip@length=\skip127
\mdf@subsubtitleinneraboveskip@length=\skip128
\mdf@subsubtitleinnerbelowskip@length=\skip129
 (D:\Program Files (Mamas)\MiKTeX\tex/latex/mdframed\md-frame-0.mdf
File: md-frame-0.mdf 2013/07/01\ 1.9b: md-frame-0
)
\mdf@frametitlebox=\box128
\mdf@footnotebox=\box129
\mdf@splitbox@one=\box130
\mdf@splitbox@two=\box131
\mdf@splitbox@save=\box132
\mdfsplitboxwidth=\skip130
\mdfsplitboxtotalwidth=\skip131
\mdfsplitboxheight=\skip132
\mdfsplitboxdepth=\skip133
\mdfsplitboxtotalheight=\skip134
\mdfframetitleboxwidth=\skip135
\mdfframetitleboxtotalwidth=\skip136
\mdfframetitleboxheight=\skip137
\mdfframetitleboxdepth=\skip138
\mdfframetitleboxtotalheight=\skip139
\mdffootnoteboxwidth=\skip140
\mdffootnoteboxtotalwidth=\skip141
\mdffootnoteboxheight=\skip142
\mdffootnoteboxdepth=\skip143
\mdffootnoteboxtotalheight=\skip144
\mdftotallinewidth=\skip145
\mdfboundingboxwidth=\skip146
\mdfboundingboxtotalwidth=\skip147
\mdfboundingboxheight=\skip148
\mdfboundingboxdepth=\skip149
\mdfboundingboxtotalheight=\skip150
\mdf@freevspace@length=\skip151
\mdf@horizontalwidthofbox@length=\skip152
\mdf@verticalmarginwhole@length=\skip153
\mdf@horizontalspaceofbox=\skip154
\mdfsubtitleheight=\skip155
\mdfsubsubtitleheight=\skip156
\c@mdfcountframes=\count405

****** mdframed patching \endmdf@trivlist

****** -- success******

\mdf@envdepth=\count406
\c@mdf@env@i=\count407
\c@mdf@env@ii=\count408
\c@mdf@zref@counter=\count409
Package zref Info: New property: mdf@pagevalue on input line 895.
) (D:\Program Files (Mamas)\MiKTeX\tex/latex/hyperref\hyperref.sty
Package: hyperref 2023-07-08 v7.01b Hypertext links for LaTeX
 (D:\Program Files (Mamas)\MiKTeX\tex/generic/pdfescape\pdfescape.sty
Package: pdfescape 2019/12/09 v1.15 Implements pdfTeX's escape features (HO)
) (D:\Program Files (Mamas)\MiKTeX\tex/latex/hycolor\hycolor.sty
Package: hycolor 2020-01-27 v1.10 Color options for hyperref/bookmark (HO)
) (D:\Program Files (Mamas)\MiKTeX\tex/latex/letltxmacro\letltxmacro.sty
Package: letltxmacro 2019/12/03 v1.6 Let assignment for LaTeX macros (HO)
) (D:\Program Files (Mamas)\MiKTeX\tex/latex/hyperref\nameref.sty
Package: nameref 2023-08-07 v2.53 Cross-referencing by name of section
 (D:\Program Files (Mamas)\MiKTeX\tex/latex/refcount\refcount.sty
Package: refcount 2019/12/15 v3.6 Data extraction from label references (HO)
) (D:\Program Files (Mamas)\MiKTeX\tex/generic/gettitlestring\gettitlestring.sty
Package: gettitlestring 2019/12/15 v1.6 Cleanup title references (HO)
)
\c@section@level=\count410
)
\@linkdim=\dimen390
\Hy@linkcounter=\count411
\Hy@pagecounter=\count412
 (D:\Program Files (Mamas)\MiKTeX\tex/latex/hyperref\pd1enc.def
File: pd1enc.def 2023-07-08 v7.01b Hyperref: PDFDocEncoding definition (HO)
Now handling font encoding PD1 ...
... no UTF-8 mapping file for font encoding PD1
) (D:\Program Files (Mamas)\MiKTeX\tex/generic/intcalc\intcalc.sty
Package: intcalc 2019/12/15 v1.3 Expandable calculations with integers (HO)
)
\Hy@SavedSpaceFactor=\count413
 (D:\Program Files (Mamas)\MiKTeX\tex/latex/hyperref\puenc.def
File: puenc.def 2023-07-08 v7.01b Hyperref: PDF Unicode definition (HO)
Now handling font encoding PU ...
... no UTF-8 mapping file for font encoding PU
)
Package hyperref Info: Option `colorlinks' set `false' on input line 4050.
Package hyperref Info: Option `bookmarksopen' set `false' on input line 4050.
Package hyperref Info: Option `bookmarksnumbered' set `true' on input line 4050.
Package hyperref Info: Hyper figures OFF on input line 4167.
Package hyperref Info: Link nesting OFF on input line 4172.
Package hyperref Info: Hyper index ON on input line 4175.
Package hyperref Info: Plain pages OFF on input line 4182.
Package hyperref Info: Backreferencing OFF on input line 4187.
Package hyperref Info: Implicit mode ON; LaTeX internals redefined.
Package hyperref Info: Bookmarks ON on input line 4434.
\c@Hy@tempcnt=\count414
 (D:\Program Files (Mamas)\MiKTeX\tex/latex/url\url.sty
\Urlmuskip=\muskip17
Package: url 2013/09/16  ver 3.4  Verb mode for urls, etc.
)
LaTeX Info: Redefining \url on input line 4772.
\XeTeXLinkMargin=\dimen391
 (D:\Program Files (Mamas)\MiKTeX\tex/generic/bitset\bitset.sty
Package: bitset 2019/12/09 v1.3 Handle bit-vector datatype (HO)
 (D:\Program Files (Mamas)\MiKTeX\tex/generic/bigintcalc\bigintcalc.sty
Package: bigintcalc 2019/12/15 v1.5 Expandable calculations on big integers (HO)
))
\Fld@menulength=\count415
\Field@Width=\dimen392
\Fld@charsize=\dimen393
Package hyperref Info: Hyper figures OFF on input line 6051.
Package hyperref Info: Link nesting OFF on input line 6056.
Package hyperref Info: Hyper index ON on input line 6059.
Package hyperref Info: backreferencing OFF on input line 6066.
Package hyperref Info: Link coloring OFF on input line 6071.
Package hyperref Info: Link coloring with OCG OFF on input line 6076.
Package hyperref Info: PDF/A mode OFF on input line 6081.
 (D:\Program Files (Mamas)\MiKTeX\tex/latex/base\atbegshi-ltx.sty
Package: atbegshi-ltx 2021/01/10 v1.0c Emulation of the original atbegshi
package with kernel methods
)
\Hy@abspage=\count416
\c@Item=\count417
\c@Hfootnote=\count418
)
Package hyperref Info: Driver (autodetected): hpdftex.
 (D:\Program Files (Mamas)\MiKTeX\tex/latex/hyperref\hpdftex.def
File: hpdftex.def 2023-07-08 v7.01b Hyperref driver for pdfTeX
 (D:\Program Files (Mamas)\MiKTeX\tex/latex/base\atveryend-ltx.sty
Package: atveryend-ltx 2020/08/19 v1.0a Emulation of the original atveryend package
with kernel methods
)
\HyAnn@Count=\count419
\Fld@listcount=\count420
\c@bookmark@seq@number=\count421
 (D:\Program Files (Mamas)\MiKTeX\tex/latex/rerunfilecheck\rerunfilecheck.sty
Package: rerunfilecheck 2022-07-10 v1.10 Rerun checks for auxiliary files (HO)
 (D:\Program Files (Mamas)\MiKTeX\tex/generic/uniquecounter\uniquecounter.sty
Package: uniquecounter 2019/12/15 v1.4 Provide unlimited unique counter (HO)
)
Package uniquecounter Info: New unique counter `rerunfilecheck' on input line 285.
)
\Hy@SectionHShift=\skip157
) (D:\Program Files (Mamas)\MiKTeX\tex/latex/setspace\setspace.sty
Package: setspace 2022/12/04 v6.7b set line spacing
) (D:\Program Files (Mamas)\MiKTeX\tex/latex/biblatex\biblatex.sty
Package: biblatex 2023/03/05 v3.19 programmable bibliographies (PK/MW)
 (D:\Program Files (Mamas)\MiKTeX\tex/latex/logreq\logreq.sty
Package: logreq 2010/08/04 v1.0 xml request logger
\lrq@indent=\count422
 (D:\Program Files (Mamas)\MiKTeX\tex/latex/logreq\logreq.def
File: logreq.def 2010/08/04 v1.0 logreq spec v1.0
))
\c@tabx@nest=\count423
\c@listtotal=\count424
\c@listcount=\count425
\c@liststart=\count426
\c@liststop=\count427
\c@citecount=\count428
\c@citetotal=\count429
\c@multicitecount=\count430
\c@multicitetotal=\count431
\c@instcount=\count432
\c@maxnames=\count433
\c@minnames=\count434
\c@maxitems=\count435
\c@minitems=\count436
\c@citecounter=\count437
\c@maxcitecounter=\count438
\c@savedcitecounter=\count439
\c@uniquelist=\count440
\c@uniquename=\count441
\c@refsection=\count442
\c@refsegment=\count443
\c@maxextratitle=\count444
\c@maxextratitleyear=\count445
\c@maxextraname=\count446
\c@maxextradate=\count447
\c@maxextraalpha=\count448
\c@abbrvpenalty=\count449
\c@highnamepenalty=\count450
\c@lownamepenalty=\count451
\c@maxparens=\count452
\c@parenlevel=\count453
\blx@tempcnta=\count454
\blx@tempcntb=\count455
\blx@tempcntc=\count456
\c@blx@maxsection=\count457
\blx@maxsegment@0=\count458
\blx@notetype=\count459
\blx@parenlevel@text=\count460
\blx@parenlevel@foot=\count461
\blx@sectionciteorder@0=\count462
\blx@sectionciteorderinternal@0=\count463
\blx@entrysetcounter=\count464
\blx@biblioinstance=\count465
\labelnumberwidth=\skip158
\labelalphawidth=\skip159
\biblabelsep=\skip160
\bibitemsep=\skip161
\bibnamesep=\skip162
\bibinitsep=\skip163
\bibparsep=\skip164
\bibhang=\skip165
\blx@bcfin=\read3
\blx@bcfout=\write4
\blx@langwohyphens=\language79
\c@mincomprange=\count466
\c@maxcomprange=\count467
\c@mincompwidth=\count468
Package biblatex Info: Trying to load biblatex default data model...
Package biblatex Info: ... file 'blx-dm.def' found.
 (D:\Program Files (Mamas)\MiKTeX\tex/latex/biblatex\blx-dm.def
File: blx-dm.def 2023/03/05 v3.19 biblatex localization (PK/MW)
)
Package biblatex Info: Trying to load biblatex style data model...
Package biblatex Info: ... file 'apa.dbx' found.
 (D:\Program Files (Mamas)\MiKTeX\tex/latex/biblatex-apa\apa.dbx
File: apa.dbx 2023/03/20 v9.17 APA biblatex style data model
)
Package biblatex Info: Trying to load biblatex custom data model...
Package biblatex Info: ... file 'biblatex-dm.cfg' not found.
\c@afterword=\count469
\c@savedafterword=\count470
\c@annotator=\count471
\c@savedannotator=\count472
\c@author=\count473
\c@savedauthor=\count474
\c@bookauthor=\count475
\c@savedbookauthor=\count476
\c@commentator=\count477
\c@savedcommentator=\count478
\c@editor=\count479
\c@savededitor=\count480
\c@editora=\count481
\c@savededitora=\count482
\c@editorb=\count483
\c@savededitorb=\count484
\c@editorc=\count485
\c@savededitorc=\count486
\c@foreword=\count487
\c@savedforeword=\count488
\c@holder=\count489
\c@savedholder=\count490
\c@introduction=\count491
\c@savedintroduction=\count492
\c@namea=\count493
\c@savednamea=\count494
\c@nameb=\count495
\c@savednameb=\count496
\c@namec=\count497
\c@savednamec=\count498
\c@translator=\count499
\c@savedtranslator=\count500
\c@shortauthor=\count501
\c@savedshortauthor=\count502
\c@shorteditor=\count503
\c@savedshorteditor=\count504
\c@narrator=\count505
\c@savednarrator=\count506
\c@execproducer=\count507
\c@savedexecproducer=\count508
\c@execdirector=\count509
\c@savedexecdirector=\count510
\c@with=\count511
\c@savedwith=\count512
\c@labelname=\count513
\c@savedlabelname=\count514
\c@institution=\count515
\c@savedinstitution=\count516
\c@lista=\count517
\c@savedlista=\count518
\c@listb=\count519
\c@savedlistb=\count520
\c@listc=\count521
\c@savedlistc=\count522
\c@listd=\count523
\c@savedlistd=\count524
\c@liste=\count525
\c@savedliste=\count526
\c@listf=\count527
\c@savedlistf=\count528
\c@location=\count529
\c@savedlocation=\count530
\c@organization=\count531
\c@savedorganization=\count532
\c@origlocation=\count533
\c@savedoriglocation=\count534
\c@origpublisher=\count535
\c@savedorigpublisher=\count536
\c@publisher=\count537
\c@savedpublisher=\count538
\c@language=\count539
\c@savedlanguage=\count540
\c@origlanguage=\count541
\c@savedoriglanguage=\count542
\c@citation=\count543
\c@savedcitation=\count544
\c@pageref=\count545
\c@savedpageref=\count546
\shorthandwidth=\skip166
\shortjournalwidth=\skip167
\shortserieswidth=\skip168
\shorttitlewidth=\skip169
\shortauthorwidth=\skip170
\shorteditorwidth=\skip171
\locallabelnumberwidth=\skip172
\locallabelalphawidth=\skip173
\localshorthandwidth=\skip174
\localshortjournalwidth=\skip175
\localshortserieswidth=\skip176
\localshorttitlewidth=\skip177
\localshortauthorwidth=\skip178
\localshorteditorwidth=\skip179
Package biblatex Info: Trying to load compatibility code...
Package biblatex Info: ... file 'blx-compat.def' found.
 (D:\Program Files (Mamas)\MiKTeX\tex/latex/biblatex\blx-compat.def
File: blx-compat.def 2023/03/05 v3.19 biblatex compatibility (PK/MW)
)
Package biblatex Info: Trying to load generic definitions...
Package biblatex Info: ... file 'biblatex.def' found.
 (D:\Program Files (Mamas)\MiKTeX\tex/latex/biblatex\biblatex.def
File: biblatex.def 2023/03/05 v3.19 biblatex compatibility (PK/MW)
\c@textcitecount=\count547
\c@textcitetotal=\count548
\c@textcitemaxnames=\count549
\c@biburlbigbreakpenalty=\count550
\c@biburlbreakpenalty=\count551
\c@biburlnumpenalty=\count552
\c@biburlucpenalty=\count553
\c@biburllcpenalty=\count554
\biburlbigskip=\muskip18
\biburlnumskip=\muskip19
\biburlucskip=\muskip20
\biburllcskip=\muskip21
\c@smartand=\count555
)
Package biblatex Info: Trying to load bibliography style 'apa'...
Package biblatex Info: ... file 'apa.bbx' found.
 (D:\Program Files (Mamas)\MiKTeX\tex/latex/biblatex-apa\apa.bbx
File: apa.bbx 2023/03/20 v9.17 APA biblatex references style
Package biblatex Info: Trying to load bibliography style 'standard'...
Package biblatex Info: ... file 'standard.bbx' found.
 (D:\Program Files (Mamas)\MiKTeX\tex/latex/biblatex/bbx\standard.bbx
File: standard.bbx 2023/03/05 v3.19 biblatex bibliography style (PK/MW)
\c@bbx:relatedcount=\count556
\c@bbx:relatedtotal=\count557
)
Package biblatex Info: Delimiter 'nameyeardelim' in context 'bib' already defined, overwriting.
Package biblatex Info: Delimiter 'nameyeardelim' in context 'biblist' already defined, overwriting.
Package biblatex Info: Delimiter 'nonameyeardelim' in context 'bib' already defined, overwriting.
Package biblatex Info: Delimiter 'nonameyeardelim' in context 'biblist' already defined, overwriting.
)
Package biblatex Info: Trying to load citation style 'apa'...
Package biblatex Info: ... file 'apa.cbx' found.
 (D:\Program Files (Mamas)\MiKTeX\tex/latex/biblatex-apa\apa.cbx
File: apa.cbx 2023/03/20 v9.17 APA biblatex citation style
Package biblatex Info: Delimiter 'nameyeardelim' in context '' already defined, overwriting.
Package biblatex Info: Delimiter 'andothersdelim' in context '' already defined, overwriting.
Package biblatex Info: Redefining '\fullcite'.
Package biblatex Info: Redefining '\citeauthor'.
Package biblatex Info: Redefining '\citeyear'.
Package biblatex Info: Redefining '\cite'.
Package biblatex Info: Redefining '\cites'.
Package biblatex Info: Redefining '\parencite'.
Package biblatex Info: Redefining '\parencites'.
Package biblatex Info: Redefining '\footcite'.
Package biblatex Info: Redefining '\footcites'.
Package biblatex Info: Redefining '\footcitetext'.
Package biblatex Info: Redefining '\footcitetexts'.
Package biblatex Info: Redefining '\smartcite'.
Package biblatex Info: Redefining '\smartcites'.
Package biblatex Info: Redefining '\textcite'.
Package biblatex Info: Redefining '\textcites'.
)
Package biblatex Info: Trying to load configuration file...
Package biblatex Info: ... file 'biblatex.cfg' found.
 (D:\Program Files (Mamas)\MiKTeX\tex/latex/biblatex\biblatex.cfg
File: biblatex.cfg 
)
Package biblatex Info: Input encoding 'utf8' detected.
Package biblatex Info: Document encoding is UTF8 ....
Package biblatex Info: ... and expl3
(biblatex)             2023-10-10 L3 programming layer (loader) 
(biblatex)             is new enough (at least 2020/04/06),
(biblatex)             setting 'casechanger=expl3'.
 (D:\Program Files (Mamas)\MiKTeX\tex/latex/biblatex\blx-case-expl3.sty
Package: blx-case-expl3 2023/03/05 v3.19 expl3 case changing code for biblatex
)) (D:\Program Files (Mamas)\MiKTeX\tex/latex/csquotes\csquotes.sty
Package: csquotes 2022-09-14 v5.2n context-sensitive quotations (JAW)
\csq@reset=\count558
\csq@gtype=\count559
\csq@glevel=\count560
\csq@qlevel=\count561
\csq@maxlvl=\count562
\csq@tshold=\count563
\csq@ltx@everypar=\toks72
 (D:\Program Files (Mamas)\MiKTeX\tex/latex/csquotes\csquotes.def
File: csquotes.def 2022-09-14 v5.2n csquotes generic definitions (JAW)
)
Package csquotes Info: Trying to load configuration file 'csquotes.cfg'...
Package csquotes Info: ... configuration file loaded successfully.
 (D:\Program Files (Mamas)\MiKTeX\tex/latex/csquotes\csquotes.cfg
File: csquotes.cfg 
)) (D:\Program Files (Mamas)\MiKTeX\tex/latex/caption\caption.sty
Package: caption 2023/08/05 v3.6o Customizing captions (AR)
 (D:\Program Files (Mamas)\MiKTeX\tex/latex/caption\caption3.sty
Package: caption3 2023/07/31 v2.4d caption3 kernel (AR)
\caption@tempdima=\dimen394
\captionmargin=\dimen395
\caption@leftmargin=\dimen396
\caption@rightmargin=\dimen397
\caption@width=\dimen398
\caption@indent=\dimen399
\caption@parindent=\dimen400
\caption@hangindent=\dimen401
Package caption Info: Standard document class detected.
)
\c@caption@flags=\count564
\c@continuedfloat=\count565
Package caption Info: changepage package is loaded.
\caption@adjustwidth@hsize=\dimen402
\caption@adjustwidth@linewidth=\dimen403
Package caption Info: float package is loaded.
Package caption Info: hyperref package is loaded.
Package caption Info: listings package is loaded.
Package caption Info: longtable package is loaded.
 (D:\Program Files (Mamas)\MiKTeX\tex/latex/caption\ltcaption.sty
Package: ltcaption 2021/01/08 v1.4c longtable captions (AR)
)
Package caption Info: wrapfig package is loaded.
) (D:\Program Files (Mamas)\MiKTeX\tex/latex/xifthen\xifthen.sty
Package: xifthen 2015/11/05 v1.4.0 Extended ifthen features
 (D:\Program Files (Mamas)\MiKTeX\tex/latex/ifmtarg\ifmtarg.sty
Package: ifmtarg 2018/04/16 v1.2b check for an empty argument
)) (D:\Program Files (Mamas)\MiKTeX\tex/latex/pdfpages\pdfpages.sty
Package: pdfpages 2022/12/19 v0.5x Insert pages of external PDF documents (AM)
\AM@pagewidth=\dimen404
\AM@pageheight=\dimen405
\AM@fboxrule=\dimen406
 (D:\Program Files (Mamas)\MiKTeX\tex/latex/pdfpages\pppdftex.def
File: pppdftex.def 2022/12/19 v0.5x Pdfpages driver for pdfTeX (AM)
)
\pdfpages@includegraphics@status=\count566
\AM@pagebox=\box133
\AM@global@opts=\toks73
\AM@pagecnt=\count567
\AM@toc@title=\toks74
\AM@lof@heading=\toks75
\c@AM@survey=\count568
\AM@templatesizebox=\box134
) (D:\Program Files (Mamas)\MiKTeX\tex/latex/textcase\textcase.sty
Package: textcase 2023/07/27 v1.04 Text only upper/lower case changing (DPC)
Package textcase Info: Defining Legacy names on input line 20.
) (D:\Program Files (Mamas)\MiKTeX\tex/latex/geometry\geometry.sty
Package: geometry 2020/01/02 v5.9 Page Geometry
 (D:\Program Files (Mamas)\MiKTeX\tex/generic/iftex\ifvtex.sty
Package: ifvtex 2019/10/25 v1.7 ifvtex legacy package. Use iftex instead.
)
\Gm@cnth=\count569
\Gm@cntv=\count570
\c@Gm@tempcnt=\count571
\Gm@bindingoffset=\dimen407
\Gm@wd@mp=\dimen408
\Gm@odd@mp=\dimen409
\Gm@even@mp=\dimen410
\Gm@layoutwidth=\dimen411
\Gm@layoutheight=\dimen412
\Gm@layouthoffset=\dimen413
\Gm@layoutvoffset=\dimen414
\Gm@dimlist=\toks76
 (D:\Program Files (Mamas)\MiKTeX\tex/latex/geometry\geometry.cfg)) (D:\Program Files (Mamas)\MiKTeX\tex/latex/fancyhdr\fancyhdr.sty
Package: fancyhdr 2022/11/09 v4.1 Extensive control of page headers and footers
\f@nch@headwidth=\skip180
\f@nch@O@elh=\skip181
\f@nch@O@erh=\skip182
\f@nch@O@olh=\skip183
\f@nch@O@orh=\skip184
\f@nch@O@elf=\skip185
\f@nch@O@erf=\skip186
\f@nch@O@olf=\skip187
\f@nch@O@orf=\skip188
) (D:\Program Files (Mamas)\MiKTeX\tex/latex/titlesec\titlesec.sty
Package: titlesec 2021/07/05 v2.14 Sectioning titles
\ttl@box=\box135
\beforetitleunit=\skip189
\aftertitleunit=\skip190
\ttl@plus=\dimen415
\ttl@minus=\dimen416
\ttl@toksa=\toks77
\titlewidth=\dimen417
\titlewidthlast=\dimen418
\titlewidthfirst=\dimen419
) (D:\Program Files (Mamas)\MiKTeX\tex/latex/titlesec\titletoc.sty
Package: titletoc 2021/07/05 v2.14 TOC entries
\ttl@leftsep=\dimen420
) (D:\Program Files (Mamas)\MiKTeX\tex/latex/tocloft\tocloft.sty
Package: tocloft 2017/08/31 v2.3i parameterised ToC, etc., typesetting
Package tocloft Info: The document has chapter divisions on input line 51.
\cftparskip=\skip191
\cftbeforetoctitleskip=\skip192
\cftaftertoctitleskip=\skip193
\cftbeforepartskip=\skip194
\cftpartnumwidth=\skip195
\cftpartindent=\skip196
\cftbeforechapskip=\skip197
\cftchapindent=\skip198
\cftchapnumwidth=\skip199
\cftbeforesecskip=\skip256
\cftsecindent=\skip257
\cftsecnumwidth=\skip258
\cftbeforesubsecskip=\skip259
\cftsubsecindent=\skip260
\cftsubsecnumwidth=\skip261
\cftbeforesubsubsecskip=\skip262
\cftsubsubsecindent=\skip263
\cftsubsubsecnumwidth=\skip264
\cftbeforeparaskip=\skip265
\cftparaindent=\skip266
\cftparanumwidth=\skip267
\cftbeforesubparaskip=\skip268
\cftsubparaindent=\skip269
\cftsubparanumwidth=\skip270
\cftbeforeloftitleskip=\skip271
\cftafterloftitleskip=\skip272
\cftbeforefigskip=\skip273
\cftfigindent=\skip274
\cftfignumwidth=\skip275
\c@lofdepth=\count572
\c@lotdepth=\count573
\cftbeforelottitleskip=\skip276
\cftafterlottitleskip=\skip277
\cftbeforetabskip=\skip278
\cfttabindent=\skip279
\cfttabnumwidth=\skip280
)
\mylen=\skip281
 (D:\Program Files (Mamas)\MiKTeX\tex/latex/algorithmicx\algpseudocode.sty
Package: algpseudocode 
 (D:\Program Files (Mamas)\MiKTeX\tex/latex/algorithmicx\algorithmicx.sty
Package: algorithmicx 2005/04/27 v1.2 Algorithmicx

Document Style algorithmicx 1.2 - a greatly improved `algorithmic' style
\c@ALG@line=\count574
\c@ALG@rem=\count575
\c@ALG@nested=\count576
\ALG@tlm=\skip282
\ALG@thistlm=\skip283
\c@ALG@Lnr=\count577
\c@ALG@blocknr=\count578
\c@ALG@storecount=\count579
\c@ALG@tmpcounter=\count580
\ALG@tmplength=\skip284
)
Document Style - pseudocode environments for use with the `algorithmicx' style
)
\c@appendices=\count581
\cftbeforeappendicesskip=\skip285
\cftappendicesindent=\skip286
\cftappendicesnumwidth=\skip287
\c@appdepth=\count582
\cftbeforeapptitleskip=\skip288
\cftafterapptitleskip=\skip289
\c@teorema=\count583
Package biblatex Info: Redefining '\textcite' on input line 591.
 (D:\Program Files (Mamas)\MiKTeX\tex/generic/pgf/frontendlayer/tikz/libraries\tikzlibraryshapes.geometric.code.tex
File: tikzlibraryshapes.geometric.code.tex 2023-01-15 v3.1.10 (3.1.10)
 (D:\Program Files (Mamas)\MiKTeX\tex/generic/pgf/libraries/shapes\pgflibraryshapes.geometric.code.tex
File: pgflibraryshapes.geometric.code.tex 2023-01-15 v3.1.10 (3.1.10)
)) (D:\Program Files (Mamas)\MiKTeX\tex/generic/pgf/frontendlayer/tikz/libraries\tikzlibraryarrows.code.tex
File: tikzlibraryarrows.code.tex 2023-01-15 v3.1.10 (3.1.10)
 (D:\Program Files (Mamas)\MiKTeX\tex/generic/pgf/libraries\pgflibraryarrows.code.tex
File: pgflibraryarrows.code.tex 2023-01-15 v3.1.10 (3.1.10)
\arrowsize=\dimen421
)) (D:\Program Files (Mamas)\MiKTeX\tex/generic/pgf/frontendlayer/tikz/libraries\tikzlibrarymatrix.code.tex
File: tikzlibrarymatrix.code.tex 2023-01-15 v3.1.10 (3.1.10)
) (D:\Program Files (Mamas)\MiKTeX\tex/generic/pgf/frontendlayer/tikz/libraries\tikzlibrarypositioning.code.tex
File: tikzlibrarypositioning.code.tex 2023-01-15 v3.1.10 (3.1.10)
)) (konfigurasi/properti_dokumen.tex) (hyphenation/hyphenation.tex)
Package csquotes Info: Checking for multilingual support...
Package csquotes Info: ... none found.
LaTeX Font Info:    Trying to load font information for OT1+ptm on input line 17.
 (D:\Program Files (Mamas)\MiKTeX\tex/latex/psnfss\ot1ptm.fd
File: ot1ptm.fd 2001/06/04 font definitions for OT1/ptm.
) (maindoc.aux)
\openout1 = `maindoc.aux'.

LaTeX Font Info:    Checking defaults for OML/cmm/m/it on input line 17.
LaTeX Font Info:    ... okay on input line 17.
LaTeX Font Info:    Checking defaults for OMS/cmsy/m/n on input line 17.
LaTeX Font Info:    ... okay on input line 17.
LaTeX Font Info:    Checking defaults for OT1/cmr/m/n on input line 17.
LaTeX Font Info:    ... okay on input line 17.
LaTeX Font Info:    Checking defaults for T1/cmr/m/n on input line 17.
LaTeX Font Info:    ... okay on input line 17.
LaTeX Font Info:    Checking defaults for TS1/cmr/m/n on input line 17.
LaTeX Font Info:    ... okay on input line 17.
LaTeX Font Info:    Checking defaults for OMX/cmex/m/n on input line 17.
LaTeX Font Info:    ... okay on input line 17.
LaTeX Font Info:    Checking defaults for U/cmr/m/n on input line 17.
LaTeX Font Info:    ... okay on input line 17.
LaTeX Font Info:    Checking defaults for PD1/pdf/m/n on input line 17.
LaTeX Font Info:    ... okay on input line 17.
LaTeX Font Info:    Checking defaults for PU/pdf/m/n on input line 17.
LaTeX Font Info:    ... okay on input line 17.
 (D:\Program Files (Mamas)\MiKTeX\tex/context/base/mkii\supp-pdf.mkii
[Loading MPS to PDF converter (version 2006.09.02).]
\scratchcounter=\count584
\scratchdimen=\dimen422
\scratchbox=\box136
\nofMPsegments=\count585
\nofMParguments=\count586
\everyMPshowfont=\toks78
\MPscratchCnt=\count587
\MPscratchDim=\dimen423
\MPnumerator=\count588
\makeMPintoPDFobject=\count589
\everyMPtoPDFconversion=\toks79
) (D:\Program Files (Mamas)\MiKTeX\tex/latex/epstopdf-pkg\epstopdf-base.sty
Package: epstopdf-base 2020-01-24 v2.11 Base part for package epstopdf
Package epstopdf-base Info: Redefining graphics rule for `.eps' on input line 485.
 (D:\Program Files (Mamas)\MiKTeX\tex/latex/00miktex\epstopdf-sys.cfg
File: epstopdf-sys.cfg 2021/03/18 v2.0 Configuration of epstopdf for MiKTeX
))
\c__nicematrix_shift_Ldots_last_row_dim=\dimen424
\c__nicematrix_shift_exterior_Vdots_dim=\dimen425
\c__nicematrix_innersep_middle_dim=\dimen426
\c@tabularnotesi=\count590
\enitdp@tabularnotes=\count591
\c@tabularnotes*i=\count592
\enitdp@tabularnotes*=\count593


Package pgfplots Warning: running in backwards compatibility mode (unsuitable tick labels; missing features). Consider writing \pgfplotsset{compat=1.18} into your preamble.
 on input line 17.

\c@lstlisting=\count594
Package hyperref Info: Link coloring OFF on input line 17.
(maindoc.out) (maindoc.out)
\@outlinefile=\write5
\openout5 = `maindoc.out'.

Package biblatex Info: Trying to load language 'english' -> 'english-apa'...
Package biblatex Info: ... file 'english-apa.lbx' found.
 (D:\Program Files (Mamas)\MiKTeX\tex/latex/biblatex-apa\english-apa.lbx
File: english-apa.lbx 2023/03/20 v9.17 APA biblatex localisation
Package biblatex Info: Trying to load language 'english'...
Package biblatex Info: ... file 'english.lbx' found.
 (D:\Program Files (Mamas)\MiKTeX\tex/latex/biblatex/lbx\english.lbx
File: english.lbx 2023/03/05 v3.19 biblatex localization (PK/MW)
)
Package biblatex Info: Trying to load language 'american' -> 'american-apa'...
Package biblatex Info: ... file 'american-apa.lbx' found.
 (D:\Program Files (Mamas)\MiKTeX\tex/latex/biblatex-apa\american-apa.lbx
File: american-apa.lbx 2023/03/20 v9.17 APA biblatex localisation
Package biblatex Info: Trying to load language 'american'...
Package biblatex Info: ... file 'american.lbx' found.
 (D:\Program Files (Mamas)\MiKTeX\tex/latex/biblatex/lbx\american.lbx
File: american.lbx 2023/03/05 v3.19 biblatex localization (PK/MW)
Package biblatex Info: Trying to load language 'english'...
Package biblatex Info: ... file 'english.lbx' found.
 (D:\Program Files (Mamas)\MiKTeX\tex/latex/biblatex/lbx\english.lbx
File: english.lbx 2023/03/05 v3.19 biblatex localization (PK/MW)
))))
Package biblatex Info: Input encoding 'utf8' detected.
Package biblatex Info: Automatic encoding selection.
(biblatex)             Assuming data encoding 'utf8'.
\openout4 = `maindoc.bcf'.

Package biblatex Info: Trying to load bibliographic data...
Package biblatex Info: ... file 'maindoc.bbl' found.
 (maindoc.bbl)
Package biblatex Info: Reference section=0 on input line 17.
Package biblatex Info: Reference segment=0 on input line 17.
Package caption Info: Begin \AtBeginDocument code.
Package caption Info: End \AtBeginDocument code.
 (D:\Program Files (Mamas)\MiKTeX\tex/latex/pdflscape\pdflscape.sty
Package: pdflscape 2022-10-27 v0.13 Display of landscape pages in PDF
 (D:\Program Files (Mamas)\MiKTeX\tex/latex/pdflscape\pdflscape-nometadata.sty
Package: pdflscape-nometadata 2022-10-28 v0.13 Display of landscape pages in PDF (HO)
Package pdflscape Info: Auto-detected driver: pdftex on input line 81.
))
*geometry* driver: auto-detecting
*geometry* detected driver: pdftex
*geometry* verbose mode - [ preamble ] result:
* driver: pdftex
* paper: a4paper
* layout: <same size as paper>
* layoutoffset:(h,v)=(0.0pt,0.0pt)
* modes: 
* h-part:(L,W,R)=(113.81102pt, 398.3386pt, 85.35826pt)
* v-part:(T,H,B)=(113.81102pt, 645.87756pt, 85.35826pt)
* \paperwidth=597.50787pt
* \paperheight=845.04684pt
* \textwidth=398.3386pt
* \textheight=645.87756pt
* \oddsidemargin=41.54103pt
* \evensidemargin=41.54103pt
* \topmargin=21.66724pt
* \headheight=15.0pt
* \headsep=19.8738pt
* \topskip=12.0pt
* \footskip=30.0pt
* \marginparwidth=38.0pt
* \marginparsep=7.0pt
* \columnsep=10.0pt
* \skip\footins=10.8pt plus 4.0pt minus 2.0pt
* \hoffset=0.0pt
* \voffset=0.0pt
* \mag=1000
* \@twocolumnfalse
* \@twosidefalse
* \@mparswitchfalse
* \@reversemarginfalse
* (1in=72.27pt=25.4mm, 1cm=28.453pt)

LaTeX Font Info:    Trying to load font information for U+msa on input line 17.
(D:\Program Files (Mamas)\MiKTeX\tex/latex/amsfonts\umsa.fd
File: umsa.fd 2013/01/14 v3.01 AMS symbols A
)
LaTeX Font Info:    Trying to load font information for U+msb on input line 17.
 (D:\Program Files (Mamas)\MiKTeX\tex/latex/amsfonts\umsb.fd
File: umsb.fd 2013/01/14 v3.01 AMS symbols B
) (perangkat_skripsi/01_Sampul_Luar.tex
*geometry* verbose mode - [ newgeometry ] result:
* driver: pdftex
* paper: a4paper
* layout: <same size as paper>
* layoutoffset:(h,v)=(0.0pt,0.0pt)
* modes: 
* h-part:(L,W,R)=(85.35826pt, 426.79135pt, 85.35826pt)
* v-part:(T,H,B)=(85.35826pt, 674.33032pt, 85.35826pt)
* \paperwidth=597.50787pt
* \paperheight=845.04684pt
* \textwidth=426.79135pt
* \textheight=674.33032pt
* \oddsidemargin=13.08827pt
* \evensidemargin=13.08827pt
* \topmargin=-21.78552pt
* \headheight=15.0pt
* \headsep=19.8738pt
* \topskip=12.0pt
* \footskip=30.0pt
* \marginparwidth=38.0pt
* \marginparsep=7.0pt
* \columnsep=10.0pt
* \skip\footins=10.8pt plus 4.0pt minus 2.0pt
* \hoffset=0.0pt
* \voffset=0.0pt
* \mag=1000
* \@twocolumnfalse
* \@twosidefalse
* \@mparswitchfalse
* \@reversemarginfalse
* (1in=72.27pt=25.4mm, 1cm=28.453pt)

<gambar/logo.png, id=226, 1204.5pt x 1204.5pt>
File: gambar/logo.png Graphic file (type png)
<use gambar/logo.png>
Package pdftex.def Info: gambar/logo.png  used on input line 18.
(pdftex.def)             Requested size: 98.16191pt x 98.14474pt.
 [1


{C:/Users/HP/AppData/Local/MiKTeX/fonts/map/pdftex/pdftex.map}{D:/Program Files (Mamas)/MiKTeX/fonts/enc/dvips/base/8r.enc} <./gambar/logo.png>]) (perangkat_skripsi/02_Sampul_Dalam.tex) [1

] (perangkat_skripsi/04_Hal_Pengesahan.tex) (badan_skripsi/00_Abstrak.tex) (badan_skripsi/00_Abstract.tex) (perangkat_skripsi/07_Hal_Prakata.tex
Overfull \hbox (8.30823pt too wide) in paragraph at lines 24--26
[]\OT1/ptm/m/n/12 Pada ke-sem-patan ini, penulis men-gu-cap-kan ter-ima kasih atas ban-tuan dan bimbin-
 []


Overfull \hbox (6.92065pt too wide) in paragraph at lines 33--34
\OT1/ptm/m/n/12 Film "Ketika Adzan Su-dah Tidak Lagi Berku-man-dang" dalam tu-gas akhir skripsi. 
 []

[2]) [3] (maindoc.toc [4]
Overfull \hbox (2.34642pt too wide) in paragraph at lines 50--50
 \OT1/ptm/m/n/12 Uru-tan \OT1/ptm/m/it/12 Scene \OT1/ptm/m/n/12 Syut-ing Film "Ketika Adzan Su-dah Tidak Lagi Berku- 
 []

[5])
\tf@toc=\write6
\openout6 = `maindoc.toc'.

 [6] (maindoc.lof)
\tf@lof=\write7
\openout7 = `maindoc.lof'.

 [7] (maindoc.lot)
\tf@lot=\write8
\openout8 = `maindoc.lot'.

 [8] (maindoc.app)
\tf@app=\write9
\openout9 = `maindoc.app'.

 [9] (perangkat_skripsi/08_Daftar_Simbol.tex
Overfull \hbox (6.06717pt too wide) in paragraph at lines 8--37
[]  [] 
 []

) [10] (badan_skripsi/01_Bab_1.tex
BAB I.

pdfTeX warning (ext4): destination with the same identifier (name{page.1}) has been already used, duplicate ignored
<to be read again> 
                   \relax 
l.48     T
          eori graf termasuk ke dalam cakupan matematika diskret. Konsep teo... [1

]
Overfull \hbox (2.79791pt too wide) in paragraph at lines 65--69
[]\OT1/ptm/m/it/12 Particle Swarm Op-ti-miza-tion \OT1/ptm/m/n/12 (PSO) meru-pakan al-go-ritma op-ti-masi stokasi terin-
 []


Overfull \hbox (4.30576pt too wide) in paragraph at lines 65--69
\OT1/ptm/m/n/12 spi-rasi dari peri-laku sosial bu-rung atau ikan yang berkelom-pok dalam men-cari makan
 []

[2] [3] [4]
Overfull \hbox (3.38782pt too wide) in paragraph at lines 138--139
[]\OT1/ptm/m/n/12 Mengetahui hasil op-ti-mal-isasi pemil-i-han uru-tan \OT1/ptm/m/it/12 scene \OT1/ptm/m/n/12 syut-ing film "Ketika Adzan
 []

) [5] (badan_skripsi/02_Bab_2.tex
BAB II.

Overfull \hbox (0.48314pt too wide) in paragraph at lines 32--37
[]\OT1/ptm/m/n/12 Teori graf meru-pakan ka-jian matem-atika dalam lingkup matem-atika diskrit yang
 []

<gambar/Graf Konigsberg.png, id=615, 1505.625pt x 1064.47687pt>
File: gambar/Graf Konigsberg.png Graphic file (type png)
<use gambar/Graf Konigsberg.png>
Package pdftex.def Info: gambar/Graf Konigsberg.png  used on input line 40.
(pdftex.def)             Requested size: 199.1693pt x 140.80699pt.
[6

] [7 <./gambar/Graf Konigsberg.png>]
Overfull \hbox (0.47148pt too wide) in paragraph at lines 106--113
\OT1/ptm/m/n/12 seder-hana de-ngan pan-jang $\OML/cmm/m/it/12 n$ \OT1/ptm/m/n/12 dari $\OML/cmm/m/it/12 v[]$ \OT1/ptm/m/n/12 sam-pai $\OML/cmm/m/it/12 v[]$ \OT1/ptm/m/n/12 di-t-uliskan se-ba-gai berikut : $\OML/cmm/m/it/12 v[]e[]v[] [] $
 []

[8] [9]
\g__nicematrix_max_cell_width_dim=\dimen427
\c@iRow=\count595
\c@jCol=\count596
\l__nicematrix_cell_box=\box137
\l__nicematrix_the_array_box=\box138
\l__nicematrix_left_delim_dim=\dimen428
\l__nicematrix_right_delim_dim=\dimen429
\g__nicematrix_ddots_int=\count597
\g__nicematrix_iddots_int=\count598
\g__nicematrix_delta_x_one_dim=\dimen430
\g__nicematrix_delta_y_one_dim=\dimen431
\g__nicematrix_delta_x_two_dim=\dimen432
\g__nicematrix_delta_y_two_dim=\dimen433
\l__nicematrix_initial_i_int=\count599
\l__nicematrix_initial_j_int=\count600
\l__nicematrix_final_i_int=\count601
\l__nicematrix_final_j_int=\count602
 [10] [11] [12] [13]
Overfull \hbox (1.66771pt too wide) in paragraph at lines 381--384
\OT1/ptm/m/n/12 meliputi ke-cer-dasan, ke-cepatan, dan ko-mu-nikasi yang teror-gan-isir ([]Kus-rah-man dkk.,
 []

[14] [15] [16] [17] [18] [19] [20] [21] [22]
Overfull \hbox (1.77858pt too wide) in paragraph at lines 683--686
[]\OT1/ptm/m/n/12 Proses pen-car-ian so-lusi pada al-go-ritma \OT1/ptm/m/it/12 par-ti-cle swarm op-ti-miza-tion \OT1/ptm/m/n/12 se-lalu diper-
 []

[23] [24]) [25] (badan_skripsi/03_Bab_3.tex
BAB III.
[26

]
Overfull \hbox (6.52106pt too wide) in paragraph at lines 85--87
[]\OT1/ptm/m/n/12 Studi lit-er-atur di-lakukan un-tuk men-da-p-atkan in-for-masi dari buku-buku dan catatan
 []


Overfull \hbox (5.153pt too wide) in paragraph at lines 85--87
\OT1/ptm/m/n/12 peneli-tian ter-dahulu men-ge-nai kon-sep \OT1/ptm/m/it/12 trav-el-ing sales-man prob-lem \OT1/ptm/m/n/12 de-ngan metode
 []

[27] [28]) (badan_skripsi/04_Bab_4.tex [29]
BAB IV.

Package hyperref Warning: Token not allowed in a PDF string (Unicode):
(hyperref)                removing `\newline' on input line 22.

[30

]
<gambar/peta geografis lokasi syuting.png, id=894, 693.34032pt x 301.125pt>
File: gambar/peta geografis lokasi syuting.png Graphic file (type png)
<use gambar/peta geografis lokasi syuting.png>
Package pdftex.def Info: gambar/peta geografis lokasi syuting.png  used on input line 71.
(pdftex.def)             Requested size: 318.67209pt x 138.4043pt.
 [31] [32 <./gambar/peta geografis lokasi syuting.png>] [33]
Overfull \hbox (1.23427pt too wide) in alignment at lines 198--198
 [] [] [] [] [] [] [] [] [] [] [] 
 []


Overfull \hbox (1.23427pt too wide) in alignment at lines 198--198
 [] [] [] [] [] [] [] [] [] [] [] 
 []


Overfull \hbox (1.23427pt too wide) in alignment at lines 198--198
 [] [] [] [] [] [] [] [] [] [] [] 
 []

[34] [35]
Overfull \hbox (2.48013pt too wide) in paragraph at lines 284--284
 []|\OT1/ptm/b/it/8 Scene| 
 []


Overfull \hbox (0.46648pt too wide) in alignment at lines 284--284
 [] [] [] [] [] [] [] [] [] [] 
 []


Overfull \hbox (2.48013pt too wide) in paragraph at lines 284--284
 []|\OT1/ptm/b/it/8 Scene| 
 []


Overfull \hbox (0.46648pt too wide) in alignment at lines 284--284
 [] [] [] [] [] [] [] [] [] [] 
 []


Overfull \hbox (0.46648pt too wide) in alignment at lines 284--284
 [] [] [] [] [] [] [] [] [] [] 
 []

[36] [37]
Overfull \hbox (2.10942pt too wide) in paragraph at lines 318--323
\OT1/ptm/m/n/12 al-go-ritma \OT1/ptm/m/it/12 Par-ti-cle Swarm Op-ti-miza-tion \OT1/ptm/m/n/12 dit-er-ap-kan ke dalam kon-sep \OT1/ptm/m/it/12 Trav-el-ing Sales-
 []


Package hyperref Warning: Token not allowed in a PDF string (Unicode):
(hyperref)                removing `\\' on input line 327.

[38] [39]
Overfull \hbox (4.77576pt too wide) in paragraph at lines 397--400
\OT1/ptm/m/it/12 scene \OT1/ptm/m/n/12 yaitu 0-6-8-9-59-56-57-54-32-33-20-21-7-1-34-58-12-13-14-28-46-47-48-22-
 []


Overfull \hbox (11.55627pt too wide) in paragraph at lines 397--400
\OT1/ptm/m/n/12 27-15-31-40-42-23-24-25-26-45-39-41-43-10-11-17-18-50-51-44-35-29-30-2-36-37-
 []

[40]
Overfull \hbox (2.48013pt too wide) in paragraph at lines 467--467
 []|\OT1/ptm/b/it/8 Scene| 
 []


Overfull \hbox (2.48013pt too wide) in paragraph at lines 467--467
 []|\OT1/ptm/b/it/8 Scene| 
 []

[41] [42] [43]
Underfull \hbox (badness 10000) in paragraph at lines 611--611
[]|\OT1/ptm/m/n/8 0-11-18-3-37-38-49-40-42-30-23-8-34-22-32-46-41-58-12-44-7-36-24-47-21-6-14-59-20-4-15-
 []


Underfull \hbox (badness 10000) in paragraph at lines 611--611
[]|\OT1/ptm/m/n/8 0-42-29-15-53-44-38-37-40-49-25-51-58-6-26-30-55-21-46-41-47-43-22-27-36-8-50-39-10-24-
 []


Underfull \hbox (badness 10000) in paragraph at lines 611--611
[]|\OT1/ptm/m/n/8 0-56-8-37-19-47-44-39-42-40-59-55-38-46-36-57-29-15-48-58-52-23-20-13-54-30-18-2-53-26-
 []


Underfull \hbox (badness 10000) in paragraph at lines 611--611
[]|\OT1/ptm/m/n/8 0-37-31-33-45-3-18-11-22-38-2-1-59-36-46-34-58-48-23-52-25-8-47-57-13-55-19-54-35-49-24-
 []


Underfull \hbox (badness 10000) in paragraph at lines 611--611
[]|\OT1/ptm/m/n/8 0-28-1-13-10-45-31-37-24-55-32-53-3-17-52-33-5-47-15-2-59-39-14-42-35-57-41-6-43-22-49-
 []


Underfull \hbox (badness 10000) in paragraph at lines 611--611
[]|\OT1/ptm/m/n/8 0-6-38-26-16-55-36-58-53-7-24-8-27-42-11-4-51-54-10-18-23-17-30-59-25-15-1-44-14-9-29-3-
 []


Underfull \hbox (badness 10000) in paragraph at lines 611--611
[]|\OT1/ptm/m/n/8 0-13-24-5-25-17-29-33-12-6-15-58-45-59-26-44-51-9-52-57-19-27-46-39-14-21-56-43-37-7-47-
 []


Underfull \hbox (badness 10000) in paragraph at lines 611--611
[]|\OT1/ptm/m/n/8 0-23-35-55-53-22-12-49-17-26-11-1-16-43-37-46-30-57-20-24-2-56-47-58-48-51-29-18-59-3-
 []


Underfull \hbox (badness 10000) in paragraph at lines 611--611
[]|\OT1/ptm/m/n/8 0-50-47-52-27-14-24-8-44-21-13-30-11-16-40-37-31-29-6-58-4-25-54-59-33-26-34-19-43-5-32-
 []


Underfull \hbox (badness 10000) in paragraph at lines 611--611
[]|\OT1/ptm/m/n/8 0-3-34-51-33-19-50-14-10-20-42-39-12-13-25-8-16-41-40-1-48-52-38-17-35-24-11-15-30-32-
 []


Underfull \hbox (badness 10000) in paragraph at lines 611--611
[]|\OT1/ptm/m/n/8 0-57-1-39-34-6-18-53-15-20-26-51-45-8-30-21-59-27-52-24-11-4-28-41-19-10-29-56-14-9-55-
 []


Underfull \hbox (badness 10000) in paragraph at lines 611--611
[]|\OT1/ptm/m/n/8 0-51-49-34-21-12-30-57-28-10-38-9-40-45-6-22-42-24-43-8-44-20-39-3-32-15-58-54-14-53-23-
 []


Underfull \hbox (badness 10000) in paragraph at lines 611--611
[]|\OT1/ptm/m/n/8 0-1-44-3-39-55-52-33-46-51-43-9-38-16-56-18-47-42-40-35-29-36-21-25-37-24-19-54-7-28-20-
 []


Underfull \hbox (badness 10000) in paragraph at lines 611--611
[]|\OT1/ptm/m/n/8 0-50-44-41-11-56-31-36-38-18-35-6-28-58-48-23-26-47-24-19-59-21-39-32-55-14-57-20-53-8-
 []


Underfull \hbox (badness 10000) in paragraph at lines 611--611
[]|\OT1/ptm/m/n/8 0-7-27-9-2-17-16-11-29-38-15-36-22-57-14-30-56-35-25-59-6-18-20-52-53-24-41-50-33-39-19-
 []

[44]
Overfull \hbox (2.32741pt too wide) detected at line 631
[][]
 []

[45] [46] [47]
Overfull \hbox (1.32126pt too wide) in alignment at lines 777--777
 [] [] [] [] [] [] [] [] [] 
 []


Overfull \hbox (1.32126pt too wide) in alignment at lines 777--777
 [] [] [] [] [] [] [] [] [] 
 []


Overfull \hbox (1.32126pt too wide) in alignment at lines 777--777
 [] [] [] [] [] [] [] [] [] 
 []

[48]
Overfull \hbox (0.62556pt too wide) in paragraph at lines 831--837
\OT1/ptm/m/n/12 -14A-26-1E-33A-18-21B-20-29B-12A-9A-34B- 19B-13-22C-33B-16A-24
 []

[49] [50] [51]
Underfull \hbox (badness 10000) in paragraph at lines 1043--1043
[]|\OT1/ptm/m/n/8 0-18-11-3-8-37-32-38-46-23-40-42-49-30-58-34-22-12-36-24-21-41-14-44-47-20-6-15-7-17-59-
 []


Underfull \hbox (badness 10000) in paragraph at lines 1043--1043
[]|\OT1/ptm/m/n/8 0-15-44-29-40-51-37-42-25-53-38-26-49-6-43-58-41-46-30-27-55-36-22-32-3-11-39-18-9-47-
 []


Underfull \hbox (badness 10000) in paragraph at lines 1043--1043
[]|\OT1/ptm/m/n/8 0-56-39-19-8-42-59-44-37-38-40-47-55-29-46-48-20-36-15-57-58-2-52-30-54-16-23-7-13-1-50-
 []


Underfull \hbox (badness 10000) in paragraph at lines 1043--1043
[]|\OT1/ptm/m/n/8 0-31-3-37-33-38-36-2-34-11-46-45-18-22-59-58-48-23-52-1-25-57-47-21-24-19-8-49-35-54-55-
 []


Underfull \hbox (badness 10000) in paragraph at lines 1043--1043
[]|\OT1/ptm/m/n/8 0-28-45-37-10-24-13-32-31-1-53-3-17-52-55-59-5-2-47-33-15-39-57-14-42-6-35-22-41-43-21-
 []


Underfull \hbox (badness 10000) in paragraph at lines 1043--1043
[]|\OT1/ptm/m/n/8 0-6-38-26-36-58-27-53-11-16-7-55-4-24-42-51-8-54-10-18-23-30-15-59-14-1-29-17-3-43-5-25-
 []


Underfull \hbox (badness 10000) in paragraph at lines 1043--1043
[]|\OT1/ptm/m/n/8 0-17-5-29-25-24-13-6-15-45-59-12-33-26-57-44-51-58-46-21-19-9-27-52-39-56-35-14-54-8-7-
 []


Underfull \hbox (badness 10000) in paragraph at lines 1043--1043
[]|\OT1/ptm/m/n/8 0-35-55-53-12-23-43-49-16-37-17-24-22-57-46-11-26-1-2-18-58-20-56-29-19-8-30-10-51-47-3-
 []


Underfull \hbox (badness 10000) in paragraph at lines 1043--1043
[]|\OT1/ptm/m/n/8 0-52-14-47-24-11-50-27-44-8-13-40-37-6-16-21-30-34-5-26-31-43-29-19-4-58-32-59-42-25-54-
 []


Underfull \hbox (badness 10000) in paragraph at lines 1043--1043
[]|\OT1/ptm/m/n/8 0-3-34-19-42-20-51-50-10-12-33-8-14-13-16-1-48-17-25-41-39-40-52-35-32-38-15-7-24-30-43-
 []


Underfull \hbox (badness 10000) in paragraph at lines 1043--1043
[]|\OT1/ptm/m/n/8 0-57-1-6-15-51-34-53-30-39-26-18-45-20-21-8-24-52-59-27-11-19-4-56-28-10-29-9-13-41-55-
 []


Underfull \hbox (badness 10000) in paragraph at lines 1043--1043
[]|\OT1/ptm/m/n/8 0-21-49-30-28-57-51-12-40-10-34-8-38-24-22-45-44-9-39-6-42-43-3-14-15-58-20-54-5-32-46-
 []


Underfull \hbox (badness 10000) in paragraph at lines 1043--1043
[]|\OT1/ptm/m/n/8 0-1-44-3-33-55-9-46-38-56-51-39-52-47-35-43-40-18-29-19-16-21-24-42-28-36-20-37-54-14-
 []


Underfull \hbox (badness 10000) in paragraph at lines 1043--1043
[]|\OT1/ptm/m/n/8 0-44-50-41-56-18-31-11-48-23-6-36-26-38-47-58-28-35-55-14-39-21-19-57-24-59-5-32-8-20-
 []


Underfull \hbox (badness 10000) in paragraph at lines 1043--1043
[]|\OT1/ptm/m/n/8 0-9-27-15-22-2-7-38-11-16-35-17-29-57-36-30-6-56-18-25-14-41-59-53-24-12-52-50-19-20-33-
 []

[52] [53] [54] [55] [56]
Underfull \hbox (badness 10000) in paragraph at lines 1225--1229

 []

[57] [58] [59] [60]
Overfull \hbox (8.74617pt too wide) in paragraph at lines 1467--1467
\OT1/ptm/b/n/12 Su-dah Tidak Lagi Berku-man-dang" meng-gu-na-kan Al-go-ritma \OT1/ptm/b/it/12 Par-ti-cle Swarm
 []

[61]

LaTeX Warning: Reference `tab: gbest seluruh iterasi' on page 62 undefined on input line 1488.


LaTeX Warning: Reference `tab: rute seluruh gbest' on page 62 undefined on input line 1494.


LaTeX Warning: Reference `tab: total biaya syuting gbest seluruh' on page 62 undefined on input line 1499.


LaTeX Warning: Reference `tab: urutan scene dan total biaya gbest' on page 62 undefined on input line 1505.


LaTeX Warning: Reference `gam: grafik perhitungan akhir' on page 62 undefined on input line 1510.

[62]) [63] (badan_skripsi/05_Bab_5.tex) (perangkat_skripsi/09_Daftar_Pustaka.tex [64

]
Overfull \hbox (14.05345pt too wide) in paragraph at lines 6--6
\OT1/ptm/m/n/12 gelom-pokkan de-sa/kelu-ra-han tert-ing-gal di kabu-paten ku-tai ker-tane-gara provinsi
 []

[65]
Overfull \hbox (11.64053pt too wide) in paragraph at lines 6--6
\OT1/ptm/m/n/12 perangkat listrik de-ngan metode al-go-ritma \OT1/ptm/m/it/12 Par-ti-cle Swarm Op-ti-miza-tion \OT1/ptm/m/n/12 berba-
 []


Overfull \hbox (0.59425pt too wide) in paragraph at lines 6--6
[][]\OT1/ptm/m/n/12 Sari, F. F., Pu-jiarti., T., Hi-dayat., & An-josa. (2024). Pem-be-la-jaran matem-atika diskrit
 []

[66]) [67] (lampiran/01_lampiran.tex
\c@lampiran=\count603
 [68] [69] [70] [71] [72] [73] [74] [75] [76] [77] [78] [79] [80] [81] [82]) (perangkat_skripsi/10_Riwayat_Hidup.tex) (maindoc.aux)
 ***********
LaTeX2e <2023-06-01> patch level 1
L3 programming layer <2023-10-10>
 ***********


LaTeX Warning: There were undefined references.

Package rerunfilecheck Info: File `maindoc.out' has not changed.
(rerunfilecheck)             Checksum: DBF8FF60D569AE0D92D00FE0FFF1F126;13754.
Package logreq Info: Writing requests to 'maindoc.run.xml'.
\openout1 = `maindoc.run.xml'.

 ) 
Here is how much of TeX's memory you used:
 55348 strings out of 474824
 1234215 string characters out of 5757048
 2418126 words of memory out of 5000000
 75918 multiletter control sequences out of 15000+600000
 603031 words of font info for 130 fonts, out of 8000000 for 9000
 1197 hyphenation exceptions out of 8191
 102i,15n,131p,1520b,5183s stack positions out of 10000i,1000n,20000p,200000b,200000s
<D:/Program Files (Mamas)/MiKTeX/fonts/type1/public/amsfonts/cm/cmex10.pfb><D:/Program Files (Mamas)/MiKTeX/fonts/type1/public/amsfonts/cm/cmmi10.pfb><D:/Program Files (Mamas)/MiKTeX/fonts/type1/public/amsfonts/cm/cmmi12.pfb><D:/Program Files (Mamas)/MiKTeX/fonts/type1/public/amsfonts/cm/cmmi6.pfb><D:/Program Files (Mamas)/MiKTeX/fonts/type1/public/amsfonts/cm/cmmi7.pfb><D:/Program Files (Mamas)/MiKTeX/fonts/type1/public/amsfonts/cm/cmmi8.pfb><D:/Program Files (Mamas)/MiKTeX/fonts/type1/public/amsfonts/cm/cmmib10.pfb><D:/Program Files (Mamas)/MiKTeX/fonts/type1/public/amsfonts/cm/cmr10.pfb><D:/Program Files (Mamas)/MiKTeX/fonts/type1/public/amsfonts/cm/cmr12.pfb><D:/Program Files (Mamas)/MiKTeX/fonts/type1/public/amsfonts/cm/cmr6.pfb><D:/Program Files (Mamas)/MiKTeX/fonts/type1/public/amsfonts/cm/cmr7.pfb><D:/Program Files (Mamas)/MiKTeX/fonts/type1/public/amsfonts/cm/cmr8.pfb><D:/Program Files (Mamas)/MiKTeX/fonts/type1/public/amsfonts/cm/cmsy10.pfb><D:/Program Files (Mamas)/MiKTeX/fonts/type1/public/amsfonts/cm/cmsy8.pfb><D:/Program Files (Mamas)/MiKTeX/fonts/type1/urw/times/utmb8a.pfb><D:/Program Files (Mamas)/MiKTeX/fonts/type1/urw/times/utmbi8a.pfb><D:/Program Files (Mamas)/MiKTeX/fonts/type1/urw/times/utmr8a.pfb><D:/Program Files (Mamas)/MiKTeX/fonts/type1/urw/times/utmri8a.pfb>
Output written on maindoc.pdf (93 pages, 3517910 bytes).
PDF statistics:
 1413 PDF objects out of 1440 (max. 8388607)
 387 named destinations out of 1000 (max. 500000)
 468 words of extra memory for PDF output out of 10000 (max. 10000000)

